Info: Starting: Create block symbol file (.bsf)
Info: qsys-generate D:\sncvs\cpld\working\rxcpld161013_v2_max10\syn\onchip_flash.qsys --block-symbol-file --output-directory=D:\sncvs\cpld\working\rxcpld161013_v2_max10\syn\onchip_flash --family="MAX 10" --part=10M02SCM153C8G
Progress: Loading syn/onchip_flash.qsys
Progress: Reading input file
Progress: Adding onchip_flash_0 [altera_onchip_flash 15.1]
Progress: Parameterizing module onchip_flash_0
Progress: Building connections
Progress: Parameterizing connections
Progress: Validating
Progress: Done reading input file
Info: qsys-generate succeeded.
Info: Finished: Create block symbol file (.bsf)
Info: 
Info: Starting: Create HDL design files for synthesis
Info: qsys-generate D:\sncvs\cpld\working\rxcpld161013_v2_max10\syn\onchip_flash.qsys --synthesis=VERILOG --output-directory=D:\sncvs\cpld\working\rxcpld161013_v2_max10\syn\onchip_flash\synthesis --family="MAX 10" --part=10M02SCM153C8G
Progress: Loading syn/onchip_flash.qsys
Progress: Reading input file
Progress: Adding onchip_flash_0 [altera_onchip_flash 15.1]
Progress: Parameterizing module onchip_flash_0
Progress: Building connections
Progress: Parameterizing connections
Progress: Validating
Progress: Done reading input file
Info: onchip_flash: Generating onchip_flash "onchip_flash" for QUARTUS_SYNTH
Info: onchip_flash_0: Generating top-level entity altera_onchip_flash
Info: onchip_flash_0: "onchip_flash" instantiated altera_onchip_flash "onchip_flash_0"
Info: onchip_flash: Done "onchip_flash" with 2 modules, 7 files
Info: qsys-generate succeeded.
Info: Finished: Create HDL design files for synthesis
