------------------------------------------------------------
TimeQuest Timing Analyzer Summary
------------------------------------------------------------

Type  : Slow 1200mV 85C Model Setup 'spi0_spclk'
Slack : -1.782
TNS   : -1.782

Type  : Slow 1200mV 85C Model Setup 'n/a'
Slack : -0.211
TNS   : -0.211

Type  : Slow 1200mV 85C Model Setup 'clk'
Slack : 4.347
TNS   : 0.000

Type  : Slow 1200mV 85C Model Hold 'clk'
Slack : 0.221
TNS   : 0.000

Type  : Slow 1200mV 85C Model Hold 'spi0_spclk'
Slack : 0.394
TNS   : 0.000

Type  : Slow 1200mV 85C Model Hold 'n/a'
Slack : 9.999
TNS   : 0.000

Type  : Slow 1200mV 85C Model Recovery 'spi0_spclk'
Slack : 4.065
TNS   : 0.000

Type  : Slow 1200mV 85C Model Recovery 'clk'
Slack : 15.260
TNS   : 0.000

Type  : Slow 1200mV 85C Model Removal 'clk'
Slack : 1.017
TNS   : 0.000

Type  : Slow 1200mV 85C Model Removal 'spi0_spclk'
Slack : 5.401
TNS   : 0.000

Type  : Slow 1200mV 85C Model Minimum Pulse Width 'clk'
Slack : 4.768
TNS   : 0.000

Type  : Slow 1200mV 85C Model Minimum Pulse Width 'spi0_spclk'
Slack : 9.706
TNS   : 0.000

Type  : Slow 1200mV 85C Model Minimum Pulse Width 'ts_clk'
Slack : 16.000
TNS   : 0.000

Type  : Slow 1200mV 0C Model Setup 'spi0_spclk'
Slack : -1.071
TNS   : -1.071

Type  : Slow 1200mV 0C Model Setup 'n/a'
Slack : 1.542
TNS   : 0.000

Type  : Slow 1200mV 0C Model Setup 'clk'
Slack : 4.597
TNS   : 0.000

Type  : Slow 1200mV 0C Model Hold 'clk'
Slack : -0.036
TNS   : -0.036

Type  : Slow 1200mV 0C Model Hold 'spi0_spclk'
Slack : 0.352
TNS   : 0.000

Type  : Slow 1200mV 0C Model Hold 'n/a'
Slack : 8.677
TNS   : 0.000

Type  : Slow 1200mV 0C Model Recovery 'spi0_spclk'
Slack : 4.239
TNS   : 0.000

Type  : Slow 1200mV 0C Model Recovery 'clk'
Slack : 15.556
TNS   : 0.000

Type  : Slow 1200mV 0C Model Removal 'clk'
Slack : 0.885
TNS   : 0.000

Type  : Slow 1200mV 0C Model Removal 'spi0_spclk'
Slack : 5.077
TNS   : 0.000

Type  : Slow 1200mV 0C Model Minimum Pulse Width 'clk'
Slack : 4.787
TNS   : 0.000

Type  : Slow 1200mV 0C Model Minimum Pulse Width 'spi0_spclk'
Slack : 9.766
TNS   : 0.000

Type  : Slow 1200mV 0C Model Minimum Pulse Width 'ts_clk'
Slack : 16.000
TNS   : 0.000

Type  : Fast 1200mV 0C Model Setup 'spi0_spclk'
Slack : 3.098
TNS   : 0.000

Type  : Fast 1200mV 0C Model Setup 'clk'
Slack : 6.672
TNS   : 0.000

Type  : Fast 1200mV 0C Model Setup 'n/a'
Slack : 10.761
TNS   : 0.000

Type  : Fast 1200mV 0C Model Hold 'clk'
Slack : -1.162
TNS   : -1.162

Type  : Fast 1200mV 0C Model Hold 'spi0_spclk'
Slack : 0.165
TNS   : 0.000

Type  : Fast 1200mV 0C Model Hold 'n/a'
Slack : 1.491
TNS   : 0.000

Type  : Fast 1200mV 0C Model Recovery 'spi0_spclk'
Slack : 5.631
TNS   : 0.000

Type  : Fast 1200mV 0C Model Recovery 'clk'
Slack : 17.639
TNS   : 0.000

Type  : Fast 1200mV 0C Model Removal 'clk'
Slack : 0.426
TNS   : 0.000

Type  : Fast 1200mV 0C Model Removal 'spi0_spclk'
Slack : 4.012
TNS   : 0.000

Type  : Fast 1200mV 0C Model Minimum Pulse Width 'clk'
Slack : 4.388
TNS   : 0.000

Type  : Fast 1200mV 0C Model Minimum Pulse Width 'spi0_spclk'
Slack : 9.253
TNS   : 0.000

Type  : Fast 1200mV 0C Model Minimum Pulse Width 'ts_clk'
Slack : 16.000
TNS   : 0.000

------------------------------------------------------------
