Archive member included to satisfy reference by file (symbol)

c:/altera/15.1/nios2eds/bin/gnu/h-x86_64-mingw32/bin/../lib/gcc/nios2-elf/4.9.2/fstack-limit-register-et\libgcc.a(_muldi3.o)
                              obj/default/ad9361.o (__muldi3)
c:/altera/15.1/nios2eds/bin/gnu/h-x86_64-mingw32/bin/../lib/gcc/nios2-elf/4.9.2/fstack-limit-register-et\libgcc.a(_fixunsdfsi.o)
                              obj/default/console_commands/command.o (__fixunsdfsi)
c:/altera/15.1/nios2eds/bin/gnu/h-x86_64-mingw32/bin/../lib/gcc/nios2-elf/4.9.2/fstack-limit-register-et\libgcc.a(_fixunsdfdi.o)
                              obj/default/console_commands/command.o (__fixunsdfdi)
c:/altera/15.1/nios2eds/bin/gnu/h-x86_64-mingw32/bin/../lib/gcc/nios2-elf/4.9.2/fstack-limit-register-et\libgcc.a(_udivdi3.o)
                              obj/default/console_commands/command.o (__udivdi3)
c:/altera/15.1/nios2eds/bin/gnu/h-x86_64-mingw32/bin/../lib/gcc/nios2-elf/4.9.2/fstack-limit-register-et\libgcc.a(_umoddi3.o)
                              obj/default/util.o (__umoddi3)
c:/altera/15.1/nios2eds/bin/gnu/h-x86_64-mingw32/bin/../lib/gcc/nios2-elf/4.9.2/fstack-limit-register-et\libgcc.a(lib2-divmod.o)
                              obj/default/ad9361.o (__divsi3)
c:/altera/15.1/nios2eds/bin/gnu/h-x86_64-mingw32/bin/../lib/gcc/nios2-elf/4.9.2/fstack-limit-register-et\libgcc.a(adddf3.o)
                              obj/default/console_commands/console.o (__adddf3)
c:/altera/15.1/nios2eds/bin/gnu/h-x86_64-mingw32/bin/../lib/gcc/nios2-elf/4.9.2/fstack-limit-register-et\libgcc.a(gedf2.o)
                              obj/default/platform_altera/dac_core.o (__gedf2)
c:/altera/15.1/nios2eds/bin/gnu/h-x86_64-mingw32/bin/../lib/gcc/nios2-elf/4.9.2/fstack-limit-register-et\libgcc.a(ledf2.o)
                              obj/default/platform_altera/dac_core.o (__ledf2)
c:/altera/15.1/nios2eds/bin/gnu/h-x86_64-mingw32/bin/../lib/gcc/nios2-elf/4.9.2/fstack-limit-register-et\libgcc.a(muldf3.o)
                              obj/default/console_commands/console.o (__muldf3)
c:/altera/15.1/nios2eds/bin/gnu/h-x86_64-mingw32/bin/../lib/gcc/nios2-elf/4.9.2/fstack-limit-register-et\libgcc.a(subdf3.o)
                              c:/altera/15.1/nios2eds/bin/gnu/h-x86_64-mingw32/bin/../lib/gcc/nios2-elf/4.9.2/fstack-limit-register-et\libgcc.a(_fixunsdfsi.o) (__subdf3)
c:/altera/15.1/nios2eds/bin/gnu/h-x86_64-mingw32/bin/../lib/gcc/nios2-elf/4.9.2/fstack-limit-register-et\libgcc.a(fixdfsi.o)
                              obj/default/console_commands/command.o (__fixdfsi)
c:/altera/15.1/nios2eds/bin/gnu/h-x86_64-mingw32/bin/../lib/gcc/nios2-elf/4.9.2/fstack-limit-register-et\libgcc.a(floatsidf.o)
                              obj/default/console_commands/command.o (__floatsidf)
c:/altera/15.1/nios2eds/bin/gnu/h-x86_64-mingw32/bin/../lib/gcc/nios2-elf/4.9.2/fstack-limit-register-et\libgcc.a(floatunsidf.o)
                              obj/default/console_commands/console.o (__floatunsidf)
c:/altera/15.1/nios2eds/bin/gnu/h-x86_64-mingw32/bin/../lib/gcc/nios2-elf/4.9.2/fstack-limit-register-et\libgcc.a(_clz.o)
                              c:/altera/15.1/nios2eds/bin/gnu/h-x86_64-mingw32/bin/../lib/gcc/nios2-elf/4.9.2/fstack-limit-register-et\libgcc.a(_udivdi3.o) (__clz_tab)
c:/altera/15.1/nios2eds/bin/gnu/h-x86_64-mingw32/bin/../lib/gcc/nios2-elf/4.9.2/fstack-limit-register-et\libgcc.a(_clzsi2.o)
                              c:/altera/15.1/nios2eds/bin/gnu/h-x86_64-mingw32/bin/../lib/gcc/nios2-elf/4.9.2/fstack-limit-register-et\libgcc.a(adddf3.o) (__clzsi2)
c:/altera/15.1/nios2eds/bin/gnu/h-x86_64-mingw32/bin/../lib/gcc/nios2-elf/4.9.2/../../../../../H-x86_64-mingw32/nios2-elf/lib/fstack-limit-register-et\libsmallc.a(lib_a-atof.o)
                              obj/default/console_commands/console.o (atof)
c:/altera/15.1/nios2eds/bin/gnu/h-x86_64-mingw32/bin/../lib/gcc/nios2-elf/4.9.2/../../../../../H-x86_64-mingw32/nios2-elf/lib/fstack-limit-register-et\libsmallc.a(lib_a-atoi.o)
                              obj/default/main.o (atoi)
c:/altera/15.1/nios2eds/bin/gnu/h-x86_64-mingw32/bin/../lib/gcc/nios2-elf/4.9.2/../../../../../H-x86_64-mingw32/nios2-elf/lib/fstack-limit-register-et\libsmallc.a(lib_a-impure.o)
                              obj/default/console_commands/console.o (_impure_ptr)
c:/altera/15.1/nios2eds/bin/gnu/h-x86_64-mingw32/bin/../lib/gcc/nios2-elf/4.9.2/../../../../../H-x86_64-mingw32/nios2-elf/lib/fstack-limit-register-et\libsmallc.a(lib_a-malloc.o)
                              obj/default/ad9361.o (malloc)
c:/altera/15.1/nios2eds/bin/gnu/h-x86_64-mingw32/bin/../lib/gcc/nios2-elf/4.9.2/../../../../../H-x86_64-mingw32/nios2-elf/lib/fstack-limit-register-et\libsmallc.a(lib_a-memcpy.o)
                              obj/default/ad9361.o (memcpy)
c:/altera/15.1/nios2eds/bin/gnu/h-x86_64-mingw32/bin/../lib/gcc/nios2-elf/4.9.2/../../../../../H-x86_64-mingw32/nios2-elf/lib/fstack-limit-register-et\libsmallc.a(lib_a-memset.o)
[...]
Memory Configuration

Name             Origin             Length             Attributes
reset            0x0000000000000000 0x0000000000000020
onchip_ram       0x0000000000000020 0x000000000002ffe0
*default*        0x0000000000000000 0xffffffffffffffff

Linker script and memory map

LOAD ../lgdst2_bsp//obj/HAL/src/crt0.o
LOAD obj/default/ad9361.o
LOAD obj/default/ad9361_api.o
LOAD obj/default/ad9361_conv.o
LOAD obj/default/console_commands/command.o
LOAD obj/default/console_commands/console.o
LOAD obj/default/main.o
LOAD obj/default/platform_altera/adc_core.o
LOAD obj/default/platform_altera/dac_core.o
LOAD obj/default/platform_altera/platform.o
LOAD obj/default/util.o
LOAD c:/altera/15.1/nios2eds/bin/gnu/h-x86_64-mingw32/bin/../lib/gcc/nios2-elf/4.9.2/../../../../../H-x86_64-mingw32/nios2-elf/lib/fstack-limit-register-et\libstdc++.a
LOAD c:/altera/15.1/nios2eds/bin/gnu/h-x86_64-mingw32/bin/../lib/gcc/nios2-elf/4.9.2/../../../../../H-x86_64-mingw32/nios2-elf/lib/fstack-limit-register-et\libm.a
LOAD c:/altera/15.1/nios2eds/bin/gnu/h-x86_64-mingw32/bin/../lib/gcc/nios2-elf/4.9.2/fstack-limit-register-et\libgcc.a
START GROUP
LOAD c:/altera/15.1/nios2eds/bin/gnu/h-x86_64-mingw32/bin/../lib/gcc/nios2-elf/4.9.2/../../../../../H-x86_64-mingw32/nios2-elf/lib/fstack-limit-register-et\libsmallc.a
LOAD c:/altera/15.1/nios2eds/bin/gnu/h-x86_64-mingw32/bin/../lib/gcc/nios2-elf/4.9.2/fstack-limit-register-et\libgcc.a
LOAD ../lgdst2_bsp/\libhal_bsp.a
LOAD c:/altera/15.1/nios2eds/bin/gnu/h-x86_64-mingw32/bin/../lib/gcc/nios2-elf/4.9.2/../../../../../H-x86_64-mingw32/nios2-elf/lib/fstack-limit-register-et\libm.a
END GROUP
LOAD c:/altera/15.1/nios2eds/bin/gnu/h-x86_64-mingw32/bin/../lib/gcc/nios2-elf/4.9.2/fstack-limit-register-et\libgcc.a
                0x0000000000000000                __alt_mem_onchip_ram = 0x0

.entry          0x0000000000000000       0x20
 *(.entry)
 .entry         0x0000000000000000       0x20 ../lgdst2_bsp//obj/HAL/src/crt0.o
                0x0000000000000000                __reset

.exceptions     0x0000000000000020        0x0
                0x0000000000000020                PROVIDE (__ram_exceptions_start, ABSOLUTE (.))
                0x0000000000000020                . = ALIGN (0x20)
 *(.irq)
 *(.exceptions.entry.label)
 *(.exceptions.entry.user)
 *(.exceptions.entry.ecc_fatal)
 *(.exceptions.entry)
 *(.exceptions.irqtest.user)
 *(.exceptions.irqtest)
 *(.exceptions.irqhandler.user)
 *(.exceptions.irqhandler)
 *(.exceptions.irqreturn.user)
 *(.exceptions.irqreturn)
 *(.exceptions.notirq.label)
 *(.exceptions.notirq.user)
 *(.exceptions.notirq)
 *(.exceptions.soft.user)
 *(.exceptions.soft)
 *(.exceptions.unknown.user)
 *(.exceptions.unknown)
 *(.exceptions.exit.label)
 *(.exceptions.exit.user)
 *(.exceptions.exit)
 *(.exceptions)
                0x0000000000000020                PROVIDE (__ram_exceptions_end, ABSOLUTE (.))
                0x0000000000000020                PROVIDE (__flash_exceptions_start, LOADADDR (.exceptions))

.text           0x0000000000000020    0x25328
                0x0000000000000020                PROVIDE (stext, ABSOLUTE (.))
 *(.interp)
 *(.hash)
 *(.dynsym)
 *(.dynstr)
 *(.gnu.version)
 *(.gnu.version_d)
 *(.gnu.version_r)
 *(.rel.init)
 *(.rela.init)
 *(.rel.text .rel.text.* .rel.gnu.linkonce.t.*)
 *(.rela.text .rela.text.* .rela.gnu.linkonce.t.*)
 *(.rel.fini)
 *(.rela.fini)
 *(.rel.rodata .rel.rodata.* .rel.gnu.linkonce.r.*)
 *(.rela.rodata .rela.rodata.* .rela.gnu.linkonce.r.*)
 *(.rel.data .rel.data.* .rel.gnu.linkonce.d.*)
 *(.rela.data .rela.data.* .rela.gnu.linkonce.d.*)
 *(.rel.tdata .rel.tdata.* .rel.gnu.linkonce.td.*)
 *(.rela.tdata .rela.tdata.* .rela.gnu.linkonce.td.*)
 *(.rel.tbss .rel.tbss.* .rel.gnu.linkonce.tb.*)
 *(.rela.tbss .rela.tbss.* .rela.gnu.linkonce.tb.*)
 *(.rel.ctors)
 *(.rela.ctors)
 *(.rel.dtors)
 *(.rela.dtors)
 *(.rel.got)
 *(.rela.got)
 *(.rel.sdata .rel.sdata.* .rel.gnu.linkonce.s.*)
 *(.rela.sdata .rela.sdata.* .rela.gnu.linkonce.s.*)
 *(.rel.sbss .rel.sbss.* .rel.gnu.linkonce.sb.*)
 *(.rela.sbss .rela.sbss.* .rela.gnu.linkonce.sb.*)
 *(.rel.sdata2 .rel.sdata2.* .rel.gnu.linkonce.s2.*)
 *(.rela.sdata2 .rela.sdata2.* .rela.gnu.linkonce.s2.*)
 *(.rel.sbss2 .rel.sbss2.* .rel.gnu.linkonce.sb2.*)
 *(.rela.sbss2 .rela.sbss2.* .rela.gnu.linkonce.sb2.*)
 *(.rel.bss .rel.bss.* .rel.gnu.linkonce.b.*)
 *(.rela.bss .rela.bss.* .rela.gnu.linkonce.b.*)
 *(.rel.plt)
 *(.rela.plt)
 *(.rel.dyn)
 *(.init)
 *(.plt)
 *(.text .stub .text.* .gnu.linkonce.t.*)
 .text          0x0000000000000020       0x54 ../lgdst2_bsp//obj/HAL/src/crt0.o
                0x0000000000000020                _start
 .text          0x0000000000000074    0x10f58 obj/default/ad9361.o
                0x0000000000000074                ad9361_spi_readm
                0x0000000000000150                ad9361_spi_read
                0x0000000000000260                ad9361_spi_write
                0x00000000000004f0                ad9361_find_opt
                0x0000000000000600                ad9361_1rx1tx_channel_map
                0x0000000000000698                ad9361_reset
                0x00000000000007a0                ad9361_en_dis_tx
                0x0000000000000830                ad9361_en_dis_rx
                0x0000000000000968                ad9361_bist_loopback
                0x0000000000000b18                ad9361_get_bist_loopback
                0x0000000000000b54                ad9361_bist_prbs
                0x0000000000000c10                ad9361_get_bist_prbs
                0x0000000000000c4c                ad9361_bist_tone
                0x0000000000000e3c                ad9361_get_bist_tone
                0x00000000000010a8                ad9361_to_clk
                0x00000000000010f0                ad9361_from_clk
                0x00000000000017fc                ad9361_set_tx_atten
                0x0000000000001984                ad9361_get_tx_atten
                0x000000000000226c                ad9361_get_rx_gain
                0x0000000000002474                ad9361_ensm_force_state
                0x0000000000002674                ad9361_ensm_restore_prev_state
                0x0000000000002bf4                ad9361_set_rx_gain
                0x0000000000002ddc                ad9361_init_gain_tables
                0x0000000000003434                ad9361_set_gain_ctrl_mode
                0x00000000000036b0                ad9361_read_rssi
                0x00000000000061d8                ad9361_tracking_control
                0x0000000000006c10                ad9361_rf_port_setup
                0x00000000000084dc                ad9361_auxdac_get
                0x00000000000088bc                ad9361_get_temp
                0x0000000000008984                ad9361_get_auxadc
                0x00000000000092d4                ad9361_ensm_set_state
                0x00000000000099d8                ad9361_set_trx_clock_chain
                0x0000000000009de0                ad9361_get_trx_clock_chain
                0x0000000000009f60                ad9361_calculate_rf_clock_chain
                0x000000000000a698                ad9361_set_trx_clock_chain_freq
                0x000000000000a71c                ad9361_set_ensm_mode
                0x000000000000aa1c                ad9361_fastlock_load
                0x000000000000ac5c                ad9361_fastlock_store
                0x000000000000b46c                ad9361_fastlock_recall
                0x000000000000b800                ad9361_fastlock_save
                0x000000000000b8e0                ad9361_mcs
                0x000000000000bb78                ad9361_clear_state
                0x000000000000bd2c                ad9361_setup
                0x000000000000ca48                ad9361_do_calib_run
                0x000000000000cbb0                ad9361_update_rf_bandwidth
                0x000000000000cfa0                ad9361_load_fir_filter_coef
                0x000000000000d444                ad9361_parse_fir
                0x000000000000d478                ad9361_validate_enable_fir
                0x000000000000e5dc                ad9361_clk_factor_recalc_rate
                0x000000000000e648                ad9361_clk_factor_round_rate
                0x000000000000e790                ad9361_clk_factor_set_rate
                0x000000000000e8ac                ad9361_bbpll_recalc_rate
                0x000000000000ea44                ad9361_bbpll_round_rate
                0x000000000000ec9c                ad9361_bbpll_set_rate
                0x000000000000f330                ad9361_rfpll_int_recalc_rate
                0x000000000000f630                ad9361_rfpll_int_round_rate
                0x000000000000f6e8                ad9361_rfpll_int_set_rate
                0x000000000000f9f4                ad9361_rfpll_dummy_recalc_rate
                0x000000000000fa4c                ad9361_rfpll_dummy_set_rate
                0x000000000000fab0                ad9361_rfpll_recalc_rate
                0x000000000000fc04                ad9361_rfpll_round_rate
                0x000000000000fd80                ad9361_rfpll_set_rate
                0x0000000000010038                ad9361_clk_mux_set_parent
                0x0000000000010558                register_clocks
                0x0000000000010ab8                ad9361_rssi_gain_step_calib
 .text          0x0000000000010fcc     0x3f18 obj/default/ad9361_api.o
                0x0000000000010fcc                ad9361_init
                0x0000000000012804                ad9361_set_en_state_machine_mode
                0x000000000001294c                ad9361_get_en_state_machine_mode
                0x0000000000012aa0                ad9361_set_rx_rf_gain
                0x0000000000012b84                ad9361_get_rx_rf_gain
                0x0000000000012c6c                ad9361_set_rx_rf_bandwidth
                0x0000000000012cdc                ad9361_get_rx_rf_bandwidth
                0x0000000000012d1c                ad9361_set_rx_sampling_freq
                0x0000000000012dc8                ad9361_get_rx_sampling_freq
                0x0000000000012e20                ad9361_set_rx_lo_freq
                0x0000000000012e8c                ad9361_get_rx_lo_freq
                0x0000000000012ef4                ad9361_set_rx_lo_int_ext
                0x0000000000012f58                ad9361_get_rx_rssi
                0x0000000000013018                ad9361_set_rx_gain_control_mode
                0x00000000000130f8                ad9361_get_rx_gain_control_mode
                0x000000000001314c                ad9361_set_rx_fir_config
                0x00000000000131c8                ad9361_get_rx_fir_config
                0x0000000000013428                ad9361_set_rx_fir_en_dis
                0x00000000000134c0                ad9361_get_rx_fir_en_dis
                0x0000000000013508                ad9361_set_rx_rfdc_track_en_dis
                0x00000000000135b0                ad9361_get_rx_rfdc_track_en_dis
                0x00000000000135f4                ad9361_set_rx_bbdc_track_en_dis
                0x000000000001369c                ad9361_get_rx_bbdc_track_en_dis
                0x00000000000136e0                ad9361_set_rx_quad_track_en_dis
                0x0000000000013788                ad9361_get_rx_quad_track_en_dis
                0x00000000000137cc                ad9361_set_rx_rf_port_input
                0x0000000000013844                ad9361_get_rx_rf_port_input
                0x0000000000013888                ad9361_rx_fastlock_store
                0x00000000000138cc                ad9361_rx_fastlock_recall
                0x0000000000013910                ad9361_rx_fastlock_load
                0x000000000001395c                ad9361_rx_fastlock_save
                0x00000000000139a8                ad9361_set_tx_attenuation
                0x0000000000013a94                ad9361_get_tx_attenuation
                0x0000000000013b58                ad9361_set_tx_rf_bandwidth
                0x0000000000013bc8                ad9361_get_tx_rf_bandwidth
                0x0000000000013c08                ad9361_set_tx_sampling_freq
                0x0000000000013cb4                ad9361_get_tx_sampling_freq
                0x0000000000013d0c                ad9361_set_tx_lo_freq
                0x0000000000013d78                ad9361_get_tx_lo_freq
                0x0000000000013de0                ad9361_set_tx_lo_int_ext
                0x0000000000013e44                ad9361_set_tx_fir_config
                0x0000000000013ebc                ad9361_get_tx_fir_config
                0x00000000000140f4                ad9361_set_tx_fir_en_dis
                0x000000000001418c                ad9361_get_tx_fir_en_dis
                0x00000000000141d4                ad9361_get_tx_rssi
                0x00000000000142fc                ad9361_set_tx_rf_port_output
                0x0000000000014374                ad9361_get_tx_rf_port_output
                0x00000000000143b8                ad9361_set_tx_auto_cal_en_dis
                0x000000000001440c                ad9361_get_tx_auto_cal_en_dis
                0x0000000000014450                ad9361_tx_fastlock_store
                0x0000000000014494                ad9361_tx_fastlock_recall
                0x00000000000144d8                ad9361_tx_fastlock_load
                0x0000000000014524                ad9361_tx_fastlock_save
                0x0000000000014570                ad9361_set_trx_path_clks
                0x00000000000145f4                ad9361_get_trx_path_clks
                0x000000000001463c                ad9361_set_no_ch_mode
                0x0000000000014aac                ad9361_do_mcs
                0x0000000000014bd4                ad9361_set_trx_fir_en_dis
                0x0000000000014ca8                ad9361_set_trx_rate_gov
                0x0000000000014cf8                ad9361_get_trx_rate_gov
                0x0000000000014d38                ad9361_do_calib
                0x0000000000014d80                ad9361_trx_load_enable_fir
 .text          0x0000000000014ee4     0x1818 obj/default/ad9361_conv.o
                0x0000000000014ee4                ad9361_hdl_loopback
                0x000000000001553c                ad9361_dig_interface_timing_analysis
                0x0000000000015998                ad9361_dig_tune
                0x0000000000016458                ad9361_post_setup
 .text          0x00000000000166fc     0x1f0c obj/default/console_commands/command.o
                0x00000000000166fc                show_invalid_param_message
                0x00000000000167ac                get_help
                0x0000000000016860                get_register
                0x0000000000016900                get_tx_lo_freq
                0x00000000000169a8                set_tx_lo_freq
                0x0000000000016aa8                get_tx_samp_freq
                0x0000000000016b0c                set_tx_samp_freq
                0x0000000000016bc0                get_tx_rf_bandwidth
                0x0000000000016c24                set_tx_rf_bandwidth
                0x0000000000016ca4                get_tx1_attenuation
                0x0000000000016d0c                set_tx1_attenuation
                0x0000000000016da0                get_tx2_attenuation
                0x0000000000016e08                set_tx2_attenuation
                0x0000000000016e9c                get_tx_fir_en
                0x0000000000016f04                set_tx_fir_en
                0x0000000000016f9c                get_rx_lo_freq
                0x0000000000017044                set_rx_lo_freq
                0x0000000000017144                get_rx_samp_freq
                0x00000000000171a8                set_rx_samp_freq
                0x000000000001725c                get_rx_rf_bandwidth
                0x00000000000172c0                set_rx_rf_bandwidth
                0x0000000000017350                get_rx1_gc_mode
                0x00000000000173bc                set_rx1_gc_mode
                0x0000000000017458                get_rx2_gc_mode
                0x00000000000174c4                set_rx2_gc_mode
                0x0000000000017560                get_rx1_rf_gain
                0x00000000000175c8                set_rx1_rf_gain
                0x000000000001765c                get_rx2_rf_gain
                0x00000000000176c4                set_rx2_rf_gain
                0x0000000000017758                get_rx_fir_en
                0x00000000000177c0                set_rx_fir_en
                0x0000000000017858                get_dds_tx1_tone1_freq
                0x00000000000178b0                set_dds_tx1_tone1_freq
                0x0000000000017940                get_dds_tx1_tone2_freq
                0x0000000000017998                set_dds_tx1_tone2_freq
                0x0000000000017a28                get_dds_tx1_tone1_phase
                0x0000000000017a94                set_dds_tx1_tone1_phase
                0x0000000000017b6c                get_dds_tx1_tone2_phase
                0x0000000000017bd8                set_dds_tx1_tone2_phase
                0x0000000000017cb0                get_dds_tx1_tone1_scale
                0x0000000000017d18                set_dds_tx1_tone1_scale
                0x0000000000017df0                get_dds_tx1_tone2_scale
                0x0000000000017e58                set_dds_tx1_tone2_scale
                0x0000000000017f30                get_dds_tx2_tone1_freq
                0x0000000000017f88                set_dds_tx2_tone1_freq
                0x0000000000018018                get_dds_tx2_tone2_freq
                0x0000000000018070                set_dds_tx2_tone2_freq
                0x0000000000018100                get_dds_tx2_tone1_phase
                0x000000000001816c                set_dds_tx2_tone1_phase
                0x0000000000018244                get_dds_tx2_tone2_phase
                0x00000000000182b0                set_dds_tx2_tone2_phase
                0x0000000000018388                get_dds_tx2_tone1_scale
                0x00000000000183f0                set_dds_tx2_tone1_scale
                0x00000000000184c8                dds_tx2_tone2_scale
                0x0000000000018530                set_dds_tx2_tone2_scale
 .text          0x0000000000018608     0x1034 obj/default/console_commands/console.o
                0x0000000000018608                uart_init
                0x0000000000018634                uart_write_char
                0x0000000000018688                uart_read_char
                0x00000000000186b0                uart_write_string
                0x0000000000018720                int_to_str
                0x0000000000018858                console_print
                0x0000000000018da4                console_init
                0x0000000000018ddc                console_get_command
                0x0000000000018e74                console_check_commands
 .text          0x000000000001963c      0xd18 obj/default/main.o
                0x000000000001963c                _localeconv_r
                0x0000000000019668                read_reg_bige
                0x00000000000196ac                write_reg_bige
                0x00000000000196f4                main
 .text          0x000000000001a354      0x2a4 obj/default/platform_altera/adc_core.o
                0x000000000001a354                adc_read
                0x000000000001a39c                adc_write
                0x000000000001a3e0                adc_dma_read
                0x000000000001a40c                adc_dma_write
                0x000000000001a438                adc_init
                0x000000000001a4ac                adc_capture
 .text          0x000000000001a5f8      0xe18 obj/default/platform_altera/dac_core.o
                0x000000000001a5f8                dac_read
                0x000000000001a640                dac_write
                0x000000000001a684                dac_dma_read
                0x000000000001a6b0                dac_dma_write
                0x000000000001a7b0                dac_stop
                0x000000000001a800                dac_start_sync
                0x000000000001a890                dac_init
                0x000000000001ac70                dds_set_frequency
                0x000000000001ade0                dds_set_phase
                0x000000000001af48                dds_set_scale
                0x000000000001b228                dds_update
                0x000000000001b2f8                dac_datasel
 .text          0x000000000001b410      0x854 obj/default/platform_altera/platform.o
                0x000000000001b460                altera_bridge_init
                0x000000000001b48c                altera_bridge_uninit
                0x000000000001b4b8                alt_avl_spi_read
                0x000000000001b4fc                alt_avl_spi_write
                0x000000000001b544                spi_init
                0x000000000001b580                spi_read
                0x000000000001b5e8                spi_write_then_read
                0x000000000001b654                alt_avl_gpio_read
                0x000000000001b694                alt_avl_gpio_write
                0x000000000001b6dc                gpio_init
                0x000000000001b704                gpio_direction
                0x000000000001b7a0                gpio_is_valid
                0x000000000001b7dc                gpio_data
                0x000000000001b810                gpio_set_value
                0x000000000001b8a4                udelay
                0x000000000001b8dc                mdelay
                0x000000000001b91c                msleep_interruptible
                0x000000000001b958                axiadc_init
                0x000000000001b998                axiadc_post_setup
                0x000000000001b9d0                axiadc_read
                0x000000000001ba14                axiadc_write
                0x000000000001ba58                axiadc_set_pnsel
                0x000000000001bbb8                axiadc_idelay_set
 .text          0x000000000001bc64      0xd30 obj/default/util.o
                0x000000000001bc64                clk_prepare_enable
                0x000000000001bc90                clk_get_rate
                0x000000000001be38                clk_set_rate
                0x000000000001c508                int_sqrt
                0x000000000001c5b4                ilog2
                0x000000000001c76c                do_div
                0x000000000001c830                find_first_bit
                0x000000000001c908                ERR_PTR
                0x000000000001c934                zmalloc
 .text          0x000000000001c994       0x68 c:/altera/15.1/nios2eds/bin/gnu/h-x86_64-mingw32/bin/../lib/gcc/nios2-elf/4.9.2/fstack-limit-register-et\libgcc.a(_muldi3.o)
                0x000000000001c994                __muldi3
 .text          0x000000000001c9fc       0x7c c:/altera/15.1/nios2eds/bin/gnu/h-x86_64-mingw32/bin/../lib/gcc/nios2-elf/4.9.2/fstack-limit-register-et\libgcc.a(_fixunsdfsi.o)
                0x000000000001c9fc                __fixunsdfsi
 .text          0x000000000001ca78       0x98 c:/altera/15.1/nios2eds/bin/gnu/h-x86_64-mingw32/bin/../lib/gcc/nios2-elf/4.9.2/fstack-limit-register-et\libgcc.a(_fixunsdfdi.o)
                0x000000000001ca78                __fixunsdfdi
 .text          0x000000000001cb10      0x5c8 c:/altera/15.1/nios2eds/bin/gnu/h-x86_64-mingw32/bin/../lib/gcc/nios2-elf/4.9.2/fstack-limit-register-et\libgcc.a(_udivdi3.o)
                0x000000000001cb10                __udivdi3
 .text          0x000000000001d0d8      0x598 c:/altera/15.1/nios2eds/bin/gnu/h-x86_64-mingw32/bin/../lib/gcc/nios2-elf/4.9.2/fstack-limit-register-et\libgcc.a(_umoddi3.o)
                0x000000000001d0d8                __umoddi3
 .text          0x000000000001d670      0x154 c:/altera/15.1/nios2eds/bin/gnu/h-x86_64-mingw32/bin/../lib/gcc/nios2-elf/4.9.2/fstack-limit-register-et\libgcc.a(lib2-divmod.o)
                0x000000000001d6e4                __divsi3
                0x000000000001d740                __modsi3
                0x000000000001d7a4                __udivsi3
                0x000000000001d7b4                __umodsi3
 .text          0x000000000001d7c4      0x8a4 c:/altera/15.1/nios2eds/bin/gnu/h-x86_64-mingw32/bin/../lib/gcc/nios2-elf/4.9.2/fstack-limit-register-et\libgcc.a(adddf3.o)
                0x000000000001d7c4                __adddf3
 .text          0x000000000001e068       0xe8 c:/altera/15.1/nios2eds/bin/gnu/h-x86_64-mingw32/bin/../lib/gcc/nios2-elf/4.9.2/fstack-limit-register-et\libgcc.a(gedf2.o)
                0x000000000001e068                __gedf2
                0x000000000001e068                __gtdf2
 .text          0x000000000001e150       0xe8 c:/altera/15.1/nios2eds/bin/gnu/h-x86_64-mingw32/bin/../lib/gcc/nios2-elf/4.9.2/fstack-limit-register-et\libgcc.a(ledf2.o)
                0x000000000001e150                __ledf2
                0x000000000001e150                __ltdf2
 .text          0x000000000001e238      0x72c c:/altera/15.1/nios2eds/bin/gnu/h-x86_64-mingw32/bin/../lib/gcc/nios2-elf/4.9.2/fstack-limit-register-et\libgcc.a(muldf3.o)
                0x000000000001e238                __muldf3
 .text          0x000000000001e964      0x8d8 c:/altera/15.1/nios2eds/bin/gnu/h-x86_64-mingw32/bin/../lib/gcc/nios2-elf/4.9.2/fstack-limit-register-et\libgcc.a(subdf3.o)
                0x000000000001e964                __subdf3
 .text          0x000000000001f23c       0x90 c:/altera/15.1/nios2eds/bin/gnu/h-x86_64-mingw32/bin/../lib/gcc/nios2-elf/4.9.2/fstack-limit-register-et\libgcc.a(fixdfsi.o)
                0x000000000001f23c                __fixdfsi
 .text          0x000000000001f2cc       0xd8 c:/altera/15.1/nios2eds/bin/gnu/h-x86_64-mingw32/bin/../lib/gcc/nios2-elf/4.9.2/fstack-limit-register-et\libgcc.a(floatsidf.o)
                0x000000000001f2cc                __floatsidf
 .text          0x000000000001f3a4       0xac c:/altera/15.1/nios2eds/bin/gnu/h-x86_64-mingw32/bin/../lib/gcc/nios2-elf/4.9.2/fstack-limit-register-et\libgcc.a(floatunsidf.o)
                0x000000000001f3a4                __floatunsidf
 .text          0x000000000001f450        0x0 c:/altera/15.1/nios2eds/bin/gnu/h-x86_64-mingw32/bin/../lib/gcc/nios2-elf/4.9.2/fstack-limit-register-et\libgcc.a(_clz.o)
 .text          0x000000000001f450       0x6c c:/altera/15.1/nios2eds/bin/gnu/h-x86_64-mingw32/bin/../lib/gcc/nios2-elf/4.9.2/fstack-limit-register-et\libgcc.a(_clzsi2.o)
                0x000000000001f450                __clzsi2
 .text          0x000000000001f4bc        0x0 c:/altera/15.1/nios2eds/bin/gnu/h-x86_64-mingw32/bin/../lib/gcc/nios2-elf/4.9.2/../../../../../H-x86_64-mingw32/nios2-elf/lib/fstack-limit-register-et\libsmallc.a(lib_a-atof.o)
 .text.atof     0x000000000001f4bc       0x10 c:/altera/15.1/nios2eds/bin/gnu/h-x86_64-mingw32/bin/../lib/gcc/nios2-elf/4.9.2/../../../../../H-x86_64-mingw32/nios2-elf/lib/fstack-limit-register-et\libsmallc.a(lib_a-atof.o)
                0x000000000001f4bc                atof
 .text          0x000000000001f4cc        0x0 c:/altera/15.1/nios2eds/bin/gnu/h-x86_64-mingw32/bin/../lib/gcc/nios2-elf/4.9.2/../../../../../H-x86_64-mingw32/nios2-elf/lib/fstack-limit-register-et\libsmallc.a(lib_a-atoi.o)
 .text.atoi     0x000000000001f4cc       0x14 c:/altera/15.1/nios2eds/bin/gnu/h-x86_64-mingw32/bin/../lib/gcc/nios2-elf/4.9.2/../../../../../H-x86_64-mingw32/nios2-elf/lib/fstack-limit-register-et\libsmallc.a(lib_a-atoi.o)
                0x000000000001f4cc                atoi
 .text._atoi_r  0x000000000001f4e0       0x14 c:/altera/15.1/nios2eds/bin/gnu/h-x86_64-mingw32/bin/../lib/gcc/nios2-elf/4.9.2/../../../../../H-x86_64-mingw32/nios2-elf/lib/fstack-limit-register-et\libsmallc.a(lib_a-atoi.o)
                0x000000000001f4e0                _atoi_r
 .text          0x000000000001f4f4        0x0 c:/altera/15.1/nios2eds/bin/gnu/h-x86_64-mingw32/bin/../lib/gcc/nios2-elf/4.9.2/../../../../../H-x86_64-mingw32/nios2-elf/lib/fstack-limit-register-et\libsmallc.a(lib_a-impure.o)
 .text          0x000000000001f4f4        0x0 c:/altera/15.1/nios2eds/bin/gnu/h-x86_64-mingw32/bin/../lib/gcc/nios2-elf/4.9.2/../../../../../H-x86_64-mingw32/nios2-elf/lib/fstack-limit-register-et\libsmallc.a(lib_a-malloc.o)
 .text.malloc   0x000000000001f4f4       0x1c c:/altera/15.1/nios2eds/bin/gnu/h-x86_64-mingw32/bin/../lib/gcc/nios2-elf/4.9.2/../../../../../H-x86_64-mingw32/nios2-elf/lib/fstack-limit-register-et\libsmallc.a(lib_a-malloc.o)
                0x000000000001f4f4                malloc
 .text.free     0x000000000001f510       0x1c c:/altera/15.1/nios2eds/bin/gnu/h-x86_64-mingw32/bin/../lib/gcc/nios2-elf/4.9.2/../../../../../H-x86_64-mingw32/nios2-elf/lib/fstack-limit-register-et\libsmallc.a(lib_a-malloc.o)
                0x000000000001f510                free
 .text          0x000000000001f52c        0x0 c:/altera/15.1/nios2eds/bin/gnu/h-x86_64-mingw32/bin/../lib/gcc/nios2-elf/4.9.2/../../../../../H-x86_64-mingw32/nios2-elf/lib/fstack-limit-register-et\libsmallc.a(lib_a-memcpy.o)
 .text.memcpy   0x000000000001f52c       0x30 c:/altera/15.1/nios2eds/bin/gnu/h-x86_64-mingw32/bin/../lib/gcc/nios2-elf/4.9.2/../../../../../H-x86_64-mingw32/nios2-elf/lib/fstack-limit-register-et\libsmallc.a(lib_a-memcpy.o)
                0x000000000001f52c                memcpy
 .text          0x000000000001f55c        0x0 c:/altera/15.1/nios2eds/bin/gnu/h-x86_64-mingw32/bin/../lib/gcc/nios2-elf/4.9.2/../../../../../H-x86_64-mingw32/nios2-elf/lib/fstack-limit-register-et\libsmallc.a(lib_a-memset.o)
 .text.memset   0x000000000001f55c       0x28 c:/altera/15.1/nios2eds/bin/gnu/h-x86_64-mingw32/bin/../lib/gcc/nios2-elf/4.9.2/../../../../../H-x86_64-mingw32/nios2-elf/lib/fstack-limit-register-et\libsmallc.a(lib_a-memset.o)
                0x000000000001f55c                memset
 .text          0x000000000001f584        0x0 c:/altera/15.1/nios2eds/bin/gnu/h-x86_64-mingw32/bin/../lib/gcc/nios2-elf/4.9.2/../../../../../H-x86_64-mingw32/nios2-elf/lib/fstack-limit-register-et\libsmallc.a(lib_a-nano-freer.o)
 .text._free_r  0x000000000001f584       0xec c:/altera/15.1/nios2eds/bin/gnu/h-x86_64-mingw32/bin/../lib/gcc/nios2-elf/4.9.2/../../../../../H-x86_64-mingw32/nios2-elf/lib/fstack-limit-register-et\libsmallc.a(lib_a-nano-freer.o)
                0x000000000001f584                _free_r
 .text          0x000000000001f670        0x0 c:/altera/15.1/nios2eds/bin/gnu/h-x86_64-mingw32/bin/../lib/gcc/nios2-elf/4.9.2/../../../../../H-x86_64-mingw32/nios2-elf/lib/fstack-limit-register-et\libsmallc.a(lib_a-nano-mallocr.o)
 .text._malloc_r
                0x000000000001f670      0x164 c:/altera/15.1/nios2eds/bin/gnu/h-x86_64-mingw32/bin/../lib/gcc/nios2-elf/4.9.2/../../../../../H-x86_64-mingw32/nios2-elf/lib/fstack-limit-register-et\libsmallc.a(lib_a-nano-mallocr.o)
                0x000000000001f670                _malloc_r
 .text          0x000000000001f7d4        0x0 c:/altera/15.1/nios2eds/bin/gnu/h-x86_64-mingw32/bin/../lib/gcc/nios2-elf/4.9.2/../../../../../H-x86_64-mingw32/nios2-elf/lib/fstack-limit-register-et\libsmallc.a(lib_a-printf.o)
 .text._printf_r
                0x000000000001f7d4       0x44 c:/altera/15.1/nios2eds/bin/gnu/h-x86_64-mingw32/bin/../lib/gcc/nios2-elf/4.9.2/../../../../../H-x86_64-mingw32/nios2-elf/lib/fstack-limit-register-et\libsmallc.a(lib_a-printf.o)
                0x000000000001f7d4                _printf_r
 .text.printf   0x000000000001f818       0x54 c:/altera/15.1/nios2eds/bin/gnu/h-x86_64-mingw32/bin/../lib/gcc/nios2-elf/4.9.2/../../../../../H-x86_64-mingw32/nios2-elf/lib/fstack-limit-register-et\libsmallc.a(lib_a-printf.o)
                0x000000000001f818                printf
 .text          0x000000000001f86c        0x0 c:/altera/15.1/nios2eds/bin/gnu/h-x86_64-mingw32/bin/../lib/gcc/nios2-elf/4.9.2/../../../../../H-x86_64-mingw32/nios2-elf/lib/fstack-limit-register-et\libsmallc.a(lib_a-putc.o)
 .text.putc     0x000000000001f86c       0x5c c:/altera/15.1/nios2eds/bin/gnu/h-x86_64-mingw32/bin/../lib/gcc/nios2-elf/4.9.2/../../../../../H-x86_64-mingw32/nios2-elf/lib/fstack-limit-register-et\libsmallc.a(lib_a-putc.o)
                0x000000000001f86c                putc
 .text._putc_r  0x000000000001f8c8       0x60 c:/altera/15.1/nios2eds/bin/gnu/h-x86_64-mingw32/bin/../lib/gcc/nios2-elf/4.9.2/../../../../../H-x86_64-mingw32/nios2-elf/lib/fstack-limit-register-et\libsmallc.a(lib_a-putc.o)
                0x000000000001f8c8                _putc_r
 .text          0x000000000001f928        0x0 c:/altera/15.1/nios2eds/bin/gnu/h-x86_64-mingw32/bin/../lib/gcc/nios2-elf/4.9.2/../../../../../H-x86_64-mingw32/nios2-elf/lib/fstack-limit-register-et\libsmallc.a(lib_a-putchar.o)
 .text._putchar_r
                0x000000000001f928       0x10 c:/altera/15.1/nios2eds/bin/gnu/h-x86_64-mingw32/bin/../lib/gcc/nios2-elf/4.9.2/../../../../../H-x86_64-mingw32/nios2-elf/lib/fstack-limit-register-et\libsmallc.a(lib_a-putchar.o)
                0x000000000001f928                _putchar_r
 .text.putchar  0x000000000001f938       0x20 c:/altera/15.1/nios2eds/bin/gnu/h-x86_64-mingw32/bin/../lib/gcc/nios2-elf/4.9.2/../../../../../H-x86_64-mingw32/nios2-elf/lib/fstack-limit-register-et\libsmallc.a(lib_a-putchar.o)
                0x000000000001f938                putchar
 .text          0x000000000001f958        0x0 c:/altera/15.1/nios2eds/bin/gnu/h-x86_64-mingw32/bin/../lib/gcc/nios2-elf/4.9.2/../../../../../H-x86_64-mingw32/nios2-elf/lib/fstack-limit-register-et\libsmallc.a(lib_a-puts.o)
 .text._puts_r  0x000000000001f958       0x88 c:/altera/15.1/nios2eds/bin/gnu/h-x86_64-mingw32/bin/../lib/gcc/nios2-elf/4.9.2/../../../../../H-x86_64-mingw32/nios2-elf/lib/fstack-limit-register-et\libsmallc.a(lib_a-puts.o)
                0x000000000001f958                _puts_r
 .text.puts     0x000000000001f9e0       0x1c c:/altera/15.1/nios2eds/bin/gnu/h-x86_64-mingw32/bin/../lib/gcc/nios2-elf/4.9.2/../../../../../H-x86_64-mingw32/nios2-elf/lib/fstack-limit-register-et\libsmallc.a(lib_a-puts.o)
                0x000000000001f9e0                puts
 .text          0x000000000001f9fc        0x0 c:/altera/15.1/nios2eds/bin/gnu/h-x86_64-mingw32/bin/../lib/gcc/nios2-elf/4.9.2/../../../../../H-x86_64-mingw32/nios2-elf/lib/fstack-limit-register-et\libsmallc.a(lib_a-sbrkr.o)
 .text._sbrk_r  0x000000000001f9fc       0x58 c:/altera/15.1/nios2eds/bin/gnu/h-x86_64-mingw32/bin/../lib/gcc/nios2-elf/4.9.2/../../../../../H-x86_64-mingw32/nios2-elf/lib/fstack-limit-register-et\libsmallc.a(lib_a-sbrkr.o)
                0x000000000001f9fc                _sbrk_r
 .text          0x000000000001fa54        0x0 c:/altera/15.1/nios2eds/bin/gnu/h-x86_64-mingw32/bin/../lib/gcc/nios2-elf/4.9.2/../../../../../H-x86_64-mingw32/nios2-elf/lib/fstack-limit-register-et\libsmallc.a(lib_a-snprintf.o)
 .text._snprintf_r
                0x000000000001fa54       0xb8 c:/altera/15.1/nios2eds/bin/gnu/h-x86_64-mingw32/bin/../lib/gcc/nios2-elf/4.9.2/../../../../../H-x86_64-mingw32/nios2-elf/lib/fstack-limit-register-et\libsmallc.a(lib_a-snprintf.o)
                0x000000000001fa54                _snprintf_r
 .text.snprintf
                0x000000000001fb0c       0xc0 c:/altera/15.1/nios2eds/bin/gnu/h-x86_64-mingw32/bin/../lib/gcc/nios2-elf/4.9.2/../../../../../H-x86_64-mingw32/nios2-elf/lib/fstack-limit-register-et\libsmallc.a(lib_a-snprintf.o)
                0x000000000001fb0c                snprintf
 .text          0x000000000001fbcc        0x0 c:/altera/15.1/nios2eds/bin/gnu/h-x86_64-mingw32/bin/../lib/gcc/nios2-elf/4.9.2/../../../../../H-x86_64-mingw32/nios2-elf/lib/fstack-limit-register-et\libsmallc.a(lib_a-strlen.o)
 .text.strlen   0x000000000001fbcc       0x24 c:/altera/15.1/nios2eds/bin/gnu/h-x86_64-mingw32/bin/../lib/gcc/nios2-elf/4.9.2/../../../../../H-x86_64-mingw32/nios2-elf/lib/fstack-limit-register-et\libsmallc.a(lib_a-strlen.o)
                0x000000000001fbcc                strlen
 .text          0x000000000001fbf0        0x0 c:/altera/15.1/nios2eds/bin/gnu/h-x86_64-mingw32/bin/../lib/gcc/nios2-elf/4.9.2/../../../../../H-x86_64-mingw32/nios2-elf/lib/fstack-limit-register-et\libsmallc.a(lib_a-strtod.o)
 .text.match    0x000000000001fbf0       0x58 c:/altera/15.1/nios2eds/bin/gnu/h-x86_64-mingw32/bin/../lib/gcc/nios2-elf/4.9.2/../../../../../H-x86_64-mingw32/nios2-elf/lib/fstack-limit-register-et\libsmallc.a(lib_a-strtod.o)
 .text.sulp     0x000000000001fc48       0x6c c:/altera/15.1/nios2eds/bin/gnu/h-x86_64-mingw32/bin/../lib/gcc/nios2-elf/4.9.2/../../../../../H-x86_64-mingw32/nios2-elf/lib/fstack-limit-register-et\libsmallc.a(lib_a-strtod.o)
 .text._strtod_r
                0x000000000001fcb4     0x1270 c:/altera/15.1/nios2eds/bin/gnu/h-x86_64-mingw32/bin/../lib/gcc/nios2-elf/4.9.2/../../../../../H-x86_64-mingw32/nios2-elf/lib/fstack-limit-register-et\libsmallc.a(lib_a-strtod.o)
                0x000000000001fcb4                _strtod_r
 .text.strtod   0x0000000000020f24       0x24 c:/altera/15.1/nios2eds/bin/gnu/h-x86_64-mingw32/bin/../lib/gcc/nios2-elf/4.9.2/../../../../../H-x86_64-mingw32/nios2-elf/lib/fstack-limit-register-et\libsmallc.a(lib_a-strtod.o)
                0x0000000000020f24                strtod
 .text.strtof   0x0000000000020f48      0x108 c:/altera/15.1/nios2eds/bin/gnu/h-x86_64-mingw32/bin/../lib/gcc/nios2-elf/4.9.2/../../../../../H-x86_64-mingw32/nios2-elf/lib/fstack-limit-register-et\libsmallc.a(lib_a-strtod.o)
                0x0000000000020f48                strtof
 .text          0x0000000000021050        0x0 c:/altera/15.1/nios2eds/bin/gnu/h-x86_64-mingw32/bin/../lib/gcc/nios2-elf/4.9.2/../../../../../H-x86_64-mingw32/nios2-elf/lib/fstack-limit-register-et\libsmallc.a(lib_a-strtol.o)
 .text._strtol_r
                0x0000000000021050      0x21c c:/altera/15.1/nios2eds/bin/gnu/h-x86_64-mingw32/bin/../lib/gcc/nios2-elf/4.9.2/../../../../../H-x86_64-mingw32/nios2-elf/lib/fstack-limit-register-et\libsmallc.a(lib_a-strtol.o)
                0x0000000000021050                _strtol_r
 .text.strtol   0x000000000002126c       0x2c c:/altera/15.1/nios2eds/bin/gnu/h-x86_64-mingw32/bin/../lib/gcc/nios2-elf/4.9.2/../../../../../H-x86_64-mingw32/nios2-elf/lib/fstack-limit-register-et\libsmallc.a(lib_a-strtol.o)
                0x000000000002126c                strtol
 .text          0x0000000000021298        0x0 c:/altera/15.1/nios2eds/bin/gnu/h-x86_64-mingw32/bin/../lib/gcc/nios2-elf/4.9.2/../../../../../H-x86_64-mingw32/nios2-elf/lib/fstack-limit-register-et\libsmallc.a(lib_a-svfprintf.o)
 .text.print_repeat
                0x0000000000021298       0x74 c:/altera/15.1/nios2eds/bin/gnu/h-x86_64-mingw32/bin/../lib/gcc/nios2-elf/4.9.2/../../../../../H-x86_64-mingw32/nios2-elf/lib/fstack-limit-register-et\libsmallc.a(lib_a-svfprintf.o)
 .text.___svfprintf_internal_r
                0x000000000002130c      0x54c c:/altera/15.1/nios2eds/bin/gnu/h-x86_64-mingw32/bin/../lib/gcc/nios2-elf/4.9.2/../../../../../H-x86_64-mingw32/nios2-elf/lib/fstack-limit-register-et\libsmallc.a(lib_a-svfprintf.o)
                0x000000000002130c                ___svfprintf_internal_r
 .text.__vfprintf_internal_unused
                0x0000000000021858       0x2c c:/altera/15.1/nios2eds/bin/gnu/h-x86_64-mingw32/bin/../lib/gcc/nios2-elf/4.9.2/../../../../../H-x86_64-mingw32/nios2-elf/lib/fstack-limit-register-et\libsmallc.a(lib_a-svfprintf.o)
                0x0000000000021858                __vfprintf_internal_unused
 .text          0x0000000000021884        0x0 c:/altera/15.1/nios2eds/bin/gnu/h-x86_64-mingw32/bin/../lib/gcc/nios2-elf/4.9.2/../../../../../H-x86_64-mingw32/nios2-elf/lib/fstack-limit-register-et\libsmallc.a(lib_a-vfprintf.o)
 .text.print_repeat
                0x0000000000021884       0x74 c:/altera/15.1/nios2eds/bin/gnu/h-x86_64-mingw32/bin/../lib/gcc/nios2-elf/4.9.2/../../../../../H-x86_64-mingw32/nios2-elf/lib/fstack-limit-register-et\libsmallc.a(lib_a-vfprintf.o)
 .text.___vfprintf_internal_r
                0x00000000000218f8      0x54c c:/altera/15.1/nios2eds/bin/gnu/h-x86_64-mingw32/bin/../lib/gcc/nios2-elf/4.9.2/../../../../../H-x86_64-mingw32/nios2-elf/lib/fstack-limit-register-et\libsmallc.a(lib_a-vfprintf.o)
                0x00000000000218f8                ___vfprintf_internal_r
 .text.__vfprintf_internal
                0x0000000000021e44       0x2c c:/altera/15.1/nios2eds/bin/gnu/h-x86_64-mingw32/bin/../lib/gcc/nios2-elf/4.9.2/../../../../../H-x86_64-mingw32/nios2-elf/lib/fstack-limit-register-et\libsmallc.a(lib_a-vfprintf.o)
                0x0000000000021e44                __vfprintf_internal
 .text          0x0000000000021e70        0x0 c:/altera/15.1/nios2eds/bin/gnu/h-x86_64-mingw32/bin/../lib/gcc/nios2-elf/4.9.2/../../../../../H-x86_64-mingw32/nios2-elf/lib/fstack-limit-register-et\libsmallc.a(lib_a-ctype_.o)
 .text          0x0000000000021e70        0x0 c:/altera/15.1/nios2eds/bin/gnu/h-x86_64-mingw32/bin/../lib/gcc/nios2-elf/4.9.2/../../../../../H-x86_64-mingw32/nios2-elf/lib/fstack-limit-register-et\libsmallc.a(lib_a-fvwrite_small_dev.o)
 .text.__sfvwrite_small_dev
                0x0000000000021e70       0xb4 c:/altera/15.1/nios2eds/bin/gnu/h-x86_64-mingw32/bin/../lib/gcc/nios2-elf/4.9.2/../../../../../H-x86_64-mingw32/nios2-elf/lib/fstack-limit-register-et\libsmallc.a(lib_a-fvwrite_small_dev.o)
                0x0000000000021e70                __sfvwrite_small_dev
 .text          0x0000000000021f24        0x0 c:/altera/15.1/nios2eds/bin/gnu/h-x86_64-mingw32/bin/../lib/gcc/nios2-elf/4.9.2/../../../../../H-x86_64-mingw32/nios2-elf/lib/fstack-limit-register-et\libsmallc.a(lib_a-fvwrite_small_str.o)
 .text.__sfvwrite_small_str
                0x0000000000021f24       0xa4 c:/altera/15.1/nios2eds/bin/gnu/h-x86_64-mingw32/bin/../lib/gcc/nios2-elf/4.9.2/../../../../../H-x86_64-mingw32/nios2-elf/lib/fstack-limit-register-et\libsmallc.a(lib_a-fvwrite_small_str.o)
                0x0000000000021f24                __sfvwrite_small_str
 .text          0x0000000000021fc8        0x0 c:/altera/15.1/nios2eds/bin/gnu/h-x86_64-mingw32/bin/../lib/gcc/nios2-elf/4.9.2/../../../../../H-x86_64-mingw32/nios2-elf/lib/fstack-limit-register-et\libsmallc.a(lib_a-gdtoa-gethex.o)
 .text.rshift   0x0000000000021fc8       0xcc c:/altera/15.1/nios2eds/bin/gnu/h-x86_64-mingw32/bin/../lib/gcc/nios2-elf/4.9.2/../../../../../H-x86_64-mingw32/nios2-elf/lib/fstack-limit-register-et\libsmallc.a(lib_a-gdtoa-gethex.o)
 .text.__hexdig_fun
                0x0000000000022094       0x54 c:/altera/15.1/nios2eds/bin/gnu/h-x86_64-mingw32/bin/../lib/gcc/nios2-elf/4.9.2/../../../../../H-x86_64-mingw32/nios2-elf/lib/fstack-limit-register-et\libsmallc.a(lib_a-gdtoa-gethex.o)
                0x0000000000022094                __hexdig_fun
 .text.__gethex
                0x00000000000220e8      0x754 c:/altera/15.1/nios2eds/bin/gnu/h-x86_64-mingw32/bin/../lib/gcc/nios2-elf/4.9.2/../../../../../H-x86_64-mingw32/nios2-elf/lib/fstack-limit-register-et\libsmallc.a(lib_a-gdtoa-gethex.o)
                0x00000000000220e8                __gethex
 .text          0x000000000002283c        0x0 c:/altera/15.1/nios2eds/bin/gnu/h-x86_64-mingw32/bin/../lib/gcc/nios2-elf/4.9.2/../../../../../H-x86_64-mingw32/nios2-elf/lib/fstack-limit-register-et\libsmallc.a(lib_a-gdtoa-hexnan.o)
 .text.L_shift  0x000000000002283c       0x50 c:/altera/15.1/nios2eds/bin/gnu/h-x86_64-mingw32/bin/../lib/gcc/nios2-elf/4.9.2/../../../../../H-x86_64-mingw32/nios2-elf/lib/fstack-limit-register-et\libsmallc.a(lib_a-gdtoa-hexnan.o)
 .text.__hexnan
                0x000000000002288c      0x20c c:/altera/15.1/nios2eds/bin/gnu/h-x86_64-mingw32/bin/../lib/gcc/nios2-elf/4.9.2/../../../../../H-x86_64-mingw32/nios2-elf/lib/fstack-limit-register-et\libsmallc.a(lib_a-gdtoa-hexnan.o)
                0x000000000002288c                __hexnan
 .text          0x0000000000022a98        0x0 c:/altera/15.1/nios2eds/bin/gnu/h-x86_64-mingw32/bin/../lib/gcc/nios2-elf/4.9.2/../../../../../H-x86_64-mingw32/nios2-elf/lib/fstack-limit-register-et\libsmallc.a(lib_a-int_errno.o)
 .text          0x0000000000022a98        0x0 c:/altera/15.1/nios2eds/bin/gnu/h-x86_64-mingw32/bin/../lib/gcc/nios2-elf/4.9.2/../../../../../H-x86_64-mingw32/nios2-elf/lib/fstack-limit-register-et\libsmallc.a(lib_a-memmove.o)
 .text.memmove  0x0000000000022a98       0x68 c:/altera/15.1/nios2eds/bin/gnu/h-x86_64-mingw32/bin/../lib/gcc/nios2-elf/4.9.2/../../../../../H-x86_64-mingw32/nios2-elf/lib/fstack-limit-register-et\libsmallc.a(lib_a-memmove.o)
                0x0000000000022a98                memmove
 .text          0x0000000000022b00        0x0 c:/altera/15.1/nios2eds/bin/gnu/h-x86_64-mingw32/bin/../lib/gcc/nios2-elf/4.9.2/../../../../../H-x86_64-mingw32/nios2-elf/lib/fstack-limit-register-et\libsmallc.a(lib_a-mprec.o)
 .text._Balloc  0x0000000000022b00       0xec c:/altera/15.1/nios2eds/bin/gnu/h-x86_64-mingw32/bin/../lib/gcc/nios2-elf/4.9.2/../../../../../H-x86_64-mingw32/nios2-elf/lib/fstack-limit-register-et\libsmallc.a(lib_a-mprec.o)
                0x0000000000022b00                _Balloc
 .text._Bfree   0x0000000000022bec       0x80 c:/altera/15.1/nios2eds/bin/gnu/h-x86_64-mingw32/bin/../lib/gcc/nios2-elf/4.9.2/../../../../../H-x86_64-mingw32/nios2-elf/lib/fstack-limit-register-et\libsmallc.a(lib_a-mprec.o)
                0x0000000000022bec                _Bfree
 .text.__multadd
                0x0000000000022c6c      0x108 c:/altera/15.1/nios2eds/bin/gnu/h-x86_64-mingw32/bin/../lib/gcc/nios2-elf/4.9.2/../../../../../H-x86_64-mingw32/nios2-elf/lib/fstack-limit-register-et\libsmallc.a(lib_a-mprec.o)
                0x0000000000022c6c                __multadd
 .text.__s2b    0x0000000000022d74      0x110 c:/altera/15.1/nios2eds/bin/gnu/h-x86_64-mingw32/bin/../lib/gcc/nios2-elf/4.9.2/../../../../../H-x86_64-mingw32/nios2-elf/lib/fstack-limit-register-et\libsmallc.a(lib_a-mprec.o)
                0x0000000000022d74                __s2b
 .text.__hi0bits
                0x0000000000022e84       0x70 c:/altera/15.1/nios2eds/bin/gnu/h-x86_64-mingw32/bin/../lib/gcc/nios2-elf/4.9.2/../../../../../H-x86_64-mingw32/nios2-elf/lib/fstack-limit-register-et\libsmallc.a(lib_a-mprec.o)
                0x0000000000022e84                __hi0bits
 .text.__lo0bits
                0x0000000000022ef4       0xb8 c:/altera/15.1/nios2eds/bin/gnu/h-x86_64-mingw32/bin/../lib/gcc/nios2-elf/4.9.2/../../../../../H-x86_64-mingw32/nios2-elf/lib/fstack-limit-register-et\libsmallc.a(lib_a-mprec.o)
                0x0000000000022ef4                __lo0bits
 .text.__i2b    0x0000000000022fac       0x44 c:/altera/15.1/nios2eds/bin/gnu/h-x86_64-mingw32/bin/../lib/gcc/nios2-elf/4.9.2/../../../../../H-x86_64-mingw32/nios2-elf/lib/fstack-limit-register-et\libsmallc.a(lib_a-mprec.o)
                0x0000000000022fac                __i2b
 .text.__multiply
                0x0000000000022ff0      0x1e0 c:/altera/15.1/nios2eds/bin/gnu/h-x86_64-mingw32/bin/../lib/gcc/nios2-elf/4.9.2/../../../../../H-x86_64-mingw32/nios2-elf/lib/fstack-limit-register-et\libsmallc.a(lib_a-mprec.o)
                0x0000000000022ff0                __multiply
 .text.__pow5mult
                0x00000000000231d0      0x138 c:/altera/15.1/nios2eds/bin/gnu/h-x86_64-mingw32/bin/../lib/gcc/nios2-elf/4.9.2/../../../../../H-x86_64-mingw32/nios2-elf/lib/fstack-limit-register-et\libsmallc.a(lib_a-mprec.o)
                0x00000000000231d0                __pow5mult
 .text.__lshift
                0x0000000000023308      0x154 c:/altera/15.1/nios2eds/bin/gnu/h-x86_64-mingw32/bin/../lib/gcc/nios2-elf/4.9.2/../../../../../H-x86_64-mingw32/nios2-elf/lib/fstack-limit-register-et\libsmallc.a(lib_a-mprec.o)
                0x0000000000023308                __lshift
 .text.__mcmp   0x000000000002345c       0x64 c:/altera/15.1/nios2eds/bin/gnu/h-x86_64-mingw32/bin/../lib/gcc/nios2-elf/4.9.2/../../../../../H-x86_64-mingw32/nios2-elf/lib/fstack-limit-register-et\libsmallc.a(lib_a-mprec.o)
                0x000000000002345c                __mcmp
 .text.__mdiff  0x00000000000234c0      0x178 c:/altera/15.1/nios2eds/bin/gnu/h-x86_64-mingw32/bin/../lib/gcc/nios2-elf/4.9.2/../../../../../H-x86_64-mingw32/nios2-elf/lib/fstack-limit-register-et\libsmallc.a(lib_a-mprec.o)
                0x00000000000234c0                __mdiff
 .text.__ulp    0x0000000000023638       0x58 c:/altera/15.1/nios2eds/bin/gnu/h-x86_64-mingw32/bin/../lib/gcc/nios2-elf/4.9.2/../../../../../H-x86_64-mingw32/nios2-elf/lib/fstack-limit-register-et\libsmallc.a(lib_a-mprec.o)
                0x0000000000023638                __ulp
 .text.__b2d    0x0000000000023690      0x110 c:/altera/15.1/nios2eds/bin/gnu/h-x86_64-mingw32/bin/../lib/gcc/nios2-elf/4.9.2/../../../../../H-x86_64-mingw32/nios2-elf/lib/fstack-limit-register-et\libsmallc.a(lib_a-mprec.o)
                0x0000000000023690                __b2d
 .text.__d2b    0x00000000000237a0      0x140 c:/altera/15.1/nios2eds/bin/gnu/h-x86_64-mingw32/bin/../lib/gcc/nios2-elf/4.9.2/../../../../../H-x86_64-mingw32/nios2-elf/lib/fstack-limit-register-et\libsmallc.a(lib_a-mprec.o)
                0x00000000000237a0                __d2b
 .text.__ratio  0x00000000000238e0       0xac c:/altera/15.1/nios2eds/bin/gnu/h-x86_64-mingw32/bin/../lib/gcc/nios2-elf/4.9.2/../../../../../H-x86_64-mingw32/nios2-elf/lib/fstack-limit-register-et\libsmallc.a(lib_a-mprec.o)
                0x00000000000238e0                __ratio
 .text._mprec_log10
                0x000000000002398c       0x70 c:/altera/15.1/nios2eds/bin/gnu/h-x86_64-mingw32/bin/../lib/gcc/nios2-elf/4.9.2/../../../../../H-x86_64-mingw32/nios2-elf/lib/fstack-limit-register-et\libsmallc.a(lib_a-mprec.o)
                0x000000000002398c                _mprec_log10
 .text.__copybits
                0x00000000000239fc       0x60 c:/altera/15.1/nios2eds/bin/gnu/h-x86_64-mingw32/bin/../lib/gcc/nios2-elf/4.9.2/../../../../../H-x86_64-mingw32/nios2-elf/lib/fstack-limit-register-et\libsmallc.a(lib_a-mprec.o)
                0x00000000000239fc                __copybits
 .text.__any_on
                0x0000000000023a5c       0x78 c:/altera/15.1/nios2eds/bin/gnu/h-x86_64-mingw32/bin/../lib/gcc/nios2-elf/4.9.2/../../../../../H-x86_64-mingw32/nios2-elf/lib/fstack-limit-register-et\libsmallc.a(lib_a-mprec.o)
                0x0000000000023a5c                __any_on
 .text          0x0000000000023ad4        0x0 c:/altera/15.1/nios2eds/bin/gnu/h-x86_64-mingw32/bin/../lib/gcc/nios2-elf/4.9.2/../../../../../H-x86_64-mingw32/nios2-elf/lib/fstack-limit-register-et\libsmallc.a(lib_a-nano-callocr.o)
 .text._calloc_r
                0x0000000000023ad4       0x54 c:/altera/15.1/nios2eds/bin/gnu/h-x86_64-mingw32/bin/../lib/gcc/nios2-elf/4.9.2/../../../../../H-x86_64-mingw32/nios2-elf/lib/fstack-limit-register-et\libsmallc.a(lib_a-nano-callocr.o)
                0x0000000000023ad4                _calloc_r
 .text          0x0000000000023b28        0x0 c:/altera/15.1/nios2eds/bin/gnu/h-x86_64-mingw32/bin/../lib/gcc/nios2-elf/4.9.2/../../../../../H-x86_64-mingw32/nios2-elf/lib/fstack-limit-register-et\libsmallc.a(lib_a-strncmp.o)
 .text.strncmp  0x0000000000023b28       0x4c c:/altera/15.1/nios2eds/bin/gnu/h-x86_64-mingw32/bin/../lib/gcc/nios2-elf/4.9.2/../../../../../H-x86_64-mingw32/nios2-elf/lib/fstack-limit-register-et\libsmallc.a(lib_a-strncmp.o)
                0x0000000000023b28                strncmp
 .text          0x0000000000023b74        0x0 c:/altera/15.1/nios2eds/bin/gnu/h-x86_64-mingw32/bin/../lib/gcc/nios2-elf/4.9.2/../../../../../H-x86_64-mingw32/nios2-elf/lib/fstack-limit-register-et\libsmallc.a(lib_a-writer.o)
 .text._write_r
                0x0000000000023b74       0x60 c:/altera/15.1/nios2eds/bin/gnu/h-x86_64-mingw32/bin/../lib/gcc/nios2-elf/4.9.2/../../../../../H-x86_64-mingw32/nios2-elf/lib/fstack-limit-register-et\libsmallc.a(lib_a-writer.o)
                0x0000000000023b74                _write_r
 .text          0x0000000000023bd4       0x7c c:/altera/15.1/nios2eds/bin/gnu/h-x86_64-mingw32/bin/../lib/gcc/nios2-elf/4.9.2/fstack-limit-register-et\libgcc.a(eqsf2.o)
                0x0000000000023bd4                __eqsf2
                0x0000000000023bd4                __nesf2
 .text          0x0000000000023c50       0xc0 c:/altera/15.1/nios2eds/bin/gnu/h-x86_64-mingw32/bin/../lib/gcc/nios2-elf/4.9.2/fstack-limit-register-et\libgcc.a(gesf2.o)
                0x0000000000023c50                __gesf2
                0x0000000000023c50                __gtsf2
 .text          0x0000000000023d10       0xc0 c:/altera/15.1/nios2eds/bin/gnu/h-x86_64-mingw32/bin/../lib/gcc/nios2-elf/4.9.2/fstack-limit-register-et\libgcc.a(lesf2.o)
                0x0000000000023d10                __ltsf2
                0x0000000000023d10                __lesf2
 .text          0x0000000000023dd0      0x8d4 c:/altera/15.1/nios2eds/bin/gnu/h-x86_64-mingw32/bin/../lib/gcc/nios2-elf/4.9.2/fstack-limit-register-et\libgcc.a(divdf3.o)
                0x0000000000023dd0                __divdf3
 .text          0x00000000000246a4       0x8c c:/altera/15.1/nios2eds/bin/gnu/h-x86_64-mingw32/bin/../lib/gcc/nios2-elf/4.9.2/fstack-limit-register-et\libgcc.a(eqdf2.o)
                0x00000000000246a4                __nedf2
                0x00000000000246a4                __eqdf2
 .text          0x0000000000024730      0x1a0 c:/altera/15.1/nios2eds/bin/gnu/h-x86_64-mingw32/bin/../lib/gcc/nios2-elf/4.9.2/fstack-limit-register-et\libgcc.a(truncdfsf2.o)
                0x0000000000024730                __truncdfsf2
 .text          0x00000000000248d0      0x11c ../lgdst2_bsp/\libhal_bsp.a(alt_load.o)
                0x00000000000248d0                alt_load
 .text          0x00000000000249ec       0x44 ../lgdst2_bsp/\libhal_bsp.a(alt_main.o)
                0x00000000000249ec                alt_main
 .text          0x0000000000024a30       0x80 ../lgdst2_bsp/\libhal_bsp.a(alt_sbrk.o)
                0x0000000000024a30                sbrk
 .text          0x0000000000024ab0       0xf0 ../lgdst2_bsp/\libhal_bsp.a(alt_write.o)
                0x0000000000024ab0                write
 .text          0x0000000000024ba0       0x70 ../lgdst2_bsp/\libhal_bsp.a(alt_sys_init.o)
                0x0000000000024ba0                alt_irq_init
                0x0000000000024bc8                alt_sys_init
 .text          0x0000000000024c10       0x30 ../lgdst2_bsp/\libhal_bsp.a(altera_avalon_jtag_uart_fd.o)
                0x0000000000024c10                altera_avalon_jtag_uart_read_fd
                0x0000000000024c28                altera_avalon_jtag_uart_write_fd
 .text          0x0000000000024c40       0x74 ../lgdst2_bsp/\libhal_bsp.a(altera_avalon_jtag_uart_read.o)
                0x0000000000024c40                altera_avalon_jtag_uart_read
 .text          0x0000000000024cb4       0x3c ../lgdst2_bsp/\libhal_bsp.a(altera_avalon_jtag_uart_write.o)
                0x0000000000024cb4                altera_avalon_jtag_uart_write
 .text          0x0000000000024cf0       0xe8 ../lgdst2_bsp/\libhal_bsp.a(altera_avalon_spi.o)
                0x0000000000024cf0                alt_avalon_spi_command
 .text          0x0000000000024dd8       0x30 ../lgdst2_bsp/\libhal_bsp.a(altera_avalon_uart_fd.o)
                0x0000000000024dd8                altera_avalon_uart_read_fd
                0x0000000000024df0                altera_avalon_uart_write_fd
 .text          0x0000000000024e08       0x90 ../lgdst2_bsp/\libhal_bsp.a(altera_avalon_uart_read.o)
                0x0000000000024e08                altera_avalon_uart_read
 .text          0x0000000000024e98       0x94 ../lgdst2_bsp/\libhal_bsp.a(altera_avalon_uart_write.o)
                0x0000000000024e98                altera_avalon_uart_write
 .text          0x0000000000024f2c       0xdc ../lgdst2_bsp/\libhal_bsp.a(alt_close.o)
                0x0000000000024f2c                close
 .text          0x0000000000025008       0x20 ../lgdst2_bsp/\libhal_bsp.a(alt_dcache_flush_all.o)
                0x0000000000025008                alt_dcache_flush_all
 .text          0x0000000000025028       0x10 ../lgdst2_bsp/\libhal_bsp.a(alt_dev.o)
 .text          0x0000000000025038       0x80 ../lgdst2_bsp/\libhal_bsp.a(alt_dev_llist_insert.o)
                0x0000000000025038                alt_dev_llist_insert
 .text          0x00000000000250b8        0x0 ../lgdst2_bsp/\libhal_bsp.a(alt_errno.o)
 .text          0x00000000000250b8       0x14 ../lgdst2_bsp/\libhal_bsp.a(alt_icache_flush_all.o)
                0x00000000000250b8                alt_icache_flush_all
 .text          0x00000000000250cc       0x2c ../lgdst2_bsp/\libhal_bsp.a(alt_release_fd.o)
                0x00000000000250cc                alt_release_fd
 .text          0x00000000000250f8       0x10 ../lgdst2_bsp/\libhal_bsp.a(altera_nios2_gen2_irq.o)
                0x00000000000250f8                altera_nios2_gen2_irq_init
 .text          0x0000000000025108       0x58 ../lgdst2_bsp/\libhal_bsp.a(alt_icache_flush.o)
                0x0000000000025108                alt_icache_flush
 .text          0x0000000000025160        0x0 c:/altera/15.1/nios2eds/bin/gnu/h-x86_64-mingw32/bin/../lib/gcc/nios2-elf/4.9.2/../../../../../H-x86_64-mingw32/nios2-elf/lib/fstack-limit-register-et\libsmallc.a(lib_a-exit.o)
 .text.exit     0x0000000000025160       0x28 c:/altera/15.1/nios2eds/bin/gnu/h-x86_64-mingw32/bin/../lib/gcc/nios2-elf/4.9.2/../../../../../H-x86_64-mingw32/nios2-elf/lib/fstack-limit-register-et\libsmallc.a(lib_a-exit.o)
                0x0000000000025160                exit
 .text          0x0000000000025188        0x0 c:/altera/15.1/nios2eds/bin/gnu/h-x86_64-mingw32/bin/../lib/gcc/nios2-elf/4.9.2/../../../../../H-x86_64-mingw32/nios2-elf/lib/fstack-limit-register-et\libsmallc.a(lib_a-__call_atexit.o)
 .text.__call_exitprocs
                0x0000000000025188      0x1a4 c:/altera/15.1/nios2eds/bin/gnu/h-x86_64-mingw32/bin/../lib/gcc/nios2-elf/4.9.2/../../../../../H-x86_64-mingw32/nios2-elf/lib/fstack-limit-register-et\libsmallc.a(lib_a-__call_atexit.o)
                0x0000000000025188                __call_exitprocs
 .text          0x000000000002532c       0x1c ../lgdst2_bsp/\libhal_bsp.a(alt_exit.o)
                0x000000000002532c                _exit
 *(.gnu.warning.*)
 *(.fini)
                0x0000000000025348                PROVIDE (__etext, ABSOLUTE (.))
                0x0000000000025348                PROVIDE (_etext, ABSOLUTE (.))
                0x0000000000025348                PROVIDE (etext, ABSOLUTE (.))
 *(.eh_frame_hdr)
                0x0000000000025348                . = ALIGN (0x4)
                0x0000000000025348                PROVIDE (__preinit_array_start, ABSOLUTE (.))
 *(.preinit_array)
                0x0000000000025348                PROVIDE (__preinit_array_end, ABSOLUTE (.))
                0x0000000000025348                PROVIDE (__init_array_start, ABSOLUTE (.))
 *(.init_array)
                0x0000000000025348                PROVIDE (__init_array_end, ABSOLUTE (.))
                0x0000000000025348                PROVIDE (__fini_array_start, ABSOLUTE (.))
 *(.fini_array)
                0x0000000000025348                PROVIDE (__fini_array_end, ABSOLUTE (.))
 *(.eh_frame)
 *(.gcc_except_table .gcc_except_table.*)
 *(.dynamic)
                0x0000000000025348                PROVIDE (__CTOR_LIST__, ABSOLUTE (.))
 *(.ctors)
 *(SORT(.ctors.*))
                0x0000000000025348                PROVIDE (__CTOR_END__, ABSOLUTE (.))
                0x0000000000025348                PROVIDE (__DTOR_LIST__, ABSOLUTE (.))
 *(.dtors)
 *(SORT(.dtors.*))
                0x0000000000025348                PROVIDE (__DTOR_END__, ABSOLUTE (.))
 *(.jcr)
                0x0000000000025348                . = ALIGN (0x4)

.rodata         0x0000000000025348     0x4410
                0x0000000000025348                PROVIDE (__ram_rodata_start, ABSOLUTE (.))
                0x0000000000025348                . = ALIGN (0x4)
 *(.rodata .rodata.* .gnu.linkonce.r.*)
 .rodata        0x0000000000025348     0x2c1c obj/default/ad9361.o
 .rodata        0x0000000000027f64      0x188 obj/default/ad9361_api.o
 .rodata        0x00000000000280ec      0x108 obj/default/ad9361_conv.o
 .rodata        0x00000000000281f4      0xe18 obj/default/console_commands/command.o
 .rodata        0x000000000002900c      0x1d8 obj/default/main.o
 .rodata        0x00000000000291e4       0x40 obj/default/platform_altera/dac_core.o
                0x00000000000291e4                sine_lut
 .rodata        0x0000000000029224      0x100 c:/altera/15.1/nios2eds/bin/gnu/h-x86_64-mingw32/bin/../lib/gcc/nios2-elf/4.9.2/fstack-limit-register-et\libgcc.a(_clz.o)
                0x0000000000029224                __clz_tab
 .rodata.str1.4
                0x0000000000029324        0x2 c:/altera/15.1/nios2eds/bin/gnu/h-x86_64-mingw32/bin/../lib/gcc/nios2-elf/4.9.2/../../../../../H-x86_64-mingw32/nios2-elf/lib/fstack-limit-register-et\libsmallc.a(lib_a-puts.o)
                                          0x4 (size before relaxing)
 *fill*         0x0000000000029326        0x2 
 .rodata.str1.4
                0x0000000000029328        0xf c:/altera/15.1/nios2eds/bin/gnu/h-x86_64-mingw32/bin/../lib/gcc/nios2-elf/4.9.2/../../../../../H-x86_64-mingw32/nios2-elf/lib/fstack-limit-register-et\libsmallc.a(lib_a-strtod.o)
                                         0x10 (size before relaxing)
 *fill*         0x0000000000029337        0x1 
 .rodata.fpinan.2739
                0x0000000000029338       0x14 c:/altera/15.1/nios2eds/bin/gnu/h-x86_64-mingw32/bin/../lib/gcc/nios2-elf/4.9.2/../../../../../H-x86_64-mingw32/nios2-elf/lib/fstack-limit-register-et\libsmallc.a(lib_a-strtod.o)
 .rodata.fpi.2703
                0x000000000002934c       0x14 c:/altera/15.1/nios2eds/bin/gnu/h-x86_64-mingw32/bin/../lib/gcc/nios2-elf/4.9.2/../../../../../H-x86_64-mingw32/nios2-elf/lib/fstack-limit-register-et\libsmallc.a(lib_a-strtod.o)
 .rodata.tinytens
                0x0000000000029360       0x28 c:/altera/15.1/nios2eds/bin/gnu/h-x86_64-mingw32/bin/../lib/gcc/nios2-elf/4.9.2/../../../../../H-x86_64-mingw32/nios2-elf/lib/fstack-limit-register-et\libsmallc.a(lib_a-strtod.o)
 .rodata._ctype_
                0x0000000000029388      0x101 c:/altera/15.1/nios2eds/bin/gnu/h-x86_64-mingw32/bin/../lib/gcc/nios2-elf/4.9.2/../../../../../H-x86_64-mingw32/nios2-elf/lib/fstack-limit-register-et\libsmallc.a(lib_a-ctype_.o)
                0x0000000000029388                _ctype_
 .rodata._ctype_b
                0x0000000000029489      0x180 c:/altera/15.1/nios2eds/bin/gnu/h-x86_64-mingw32/bin/../lib/gcc/nios2-elf/4.9.2/../../../../../H-x86_64-mingw32/nios2-elf/lib/fstack-limit-register-et\libsmallc.a(lib_a-ctype_.o)
 *fill*         0x0000000000029609        0x3 
 .rodata.p05.2738
                0x000000000002960c        0xc c:/altera/15.1/nios2eds/bin/gnu/h-x86_64-mingw32/bin/../lib/gcc/nios2-elf/4.9.2/../../../../../H-x86_64-mingw32/nios2-elf/lib/fstack-limit-register-et\libsmallc.a(lib_a-mprec.o)
 .rodata.__mprec_tinytens
                0x0000000000029618       0x28 c:/altera/15.1/nios2eds/bin/gnu/h-x86_64-mingw32/bin/../lib/gcc/nios2-elf/4.9.2/../../../../../H-x86_64-mingw32/nios2-elf/lib/fstack-limit-register-et\libsmallc.a(lib_a-mprec.o)
                0x0000000000029618                __mprec_tinytens
 .rodata.__mprec_bigtens
                0x0000000000029640       0x28 c:/altera/15.1/nios2eds/bin/gnu/h-x86_64-mingw32/bin/../lib/gcc/nios2-elf/4.9.2/../../../../../H-x86_64-mingw32/nios2-elf/lib/fstack-limit-register-et\libsmallc.a(lib_a-mprec.o)
                0x0000000000029640                __mprec_bigtens
 .rodata.__mprec_tens
                0x0000000000029668       0xc8 c:/altera/15.1/nios2eds/bin/gnu/h-x86_64-mingw32/bin/../lib/gcc/nios2-elf/4.9.2/../../../../../H-x86_64-mingw32/nios2-elf/lib/fstack-limit-register-et\libsmallc.a(lib_a-mprec.o)
                0x0000000000029668                __mprec_tens
 .rodata.str1.4
                0x0000000000029730       0x1b ../lgdst2_bsp/\libhal_bsp.a(alt_sys_init.o)
                                         0x1c (size before relaxing)
 *fill*         0x000000000002974b        0x1 
 .rodata.str1.4
                0x000000000002974c        0xc ../lgdst2_bsp/\libhal_bsp.a(alt_dev.o)
 *(.rodata1)
                0x0000000000029758                . = ALIGN (0x4)
                0x0000000000029758                PROVIDE (__ram_rodata_end, ABSOLUTE (.))
                0x0000000000025348                PROVIDE (__flash_rodata_start, LOADADDR (.rodata))

.rwdata         0x0000000000029758      0x9fc load address 0x000000000002a154
                0x0000000000029758                PROVIDE (__ram_rwdata_start, ABSOLUTE (.))
                0x0000000000029758                . = ALIGN (0x4)
 *(.got.plt)
 *(.got)
 *(.data1)
 *(.data .data.* .gnu.linkonce.d.*)
 .data          0x0000000000029758        0x0 ../lgdst2_bsp//obj/HAL/src/crt0.o
 .data          0x0000000000029758       0x30 obj/default/ad9361.o
                0x0000000000029758                ad9361_ensm_states
 .data          0x0000000000029788       0x18 obj/default/ad9361_api.o
 .data          0x00000000000297a0        0x0 obj/default/ad9361_conv.o
 .data          0x00000000000297a0      0x360 obj/default/console_commands/command.o
                0x00000000000297a0                cmd_list
 .data          0x0000000000029b00       0x14 obj/default/console_commands/console.o
 .data          0x0000000000029b14      0x32c obj/default/main.o
                0x0000000000029b14                default_init_param
                0x0000000000029d14                tx_fir_config
 .data          0x0000000000029e40        0x0 obj/default/platform_altera/adc_core.o
 .data          0x0000000000029e40        0x0 obj/default/platform_altera/dac_core.o
 .data          0x0000000000029e40        0x0 obj/default/platform_altera/platform.o
 .data          0x0000000000029e40        0x0 obj/default/util.o
 .data          0x0000000000029e40        0x0 c:/altera/15.1/nios2eds/bin/gnu/h-x86_64-mingw32/bin/../lib/gcc/nios2-elf/4.9.2/fstack-limit-register-et\libgcc.a(_muldi3.o)
 .data          0x0000000000029e40        0x0 c:/altera/15.1/nios2eds/bin/gnu/h-x86_64-mingw32/bin/../lib/gcc/nios2-elf/4.9.2/fstack-limit-register-et\libgcc.a(_fixunsdfsi.o)
 .data          0x0000000000029e40        0x0 c:/altera/15.1/nios2eds/bin/gnu/h-x86_64-mingw32/bin/../lib/gcc/nios2-elf/4.9.2/fstack-limit-register-et\libgcc.a(_fixunsdfdi.o)
 .data          0x0000000000029e40        0x0 c:/altera/15.1/nios2eds/bin/gnu/h-x86_64-mingw32/bin/../lib/gcc/nios2-elf/4.9.2/fstack-limit-register-et\libgcc.a(_udivdi3.o)
 .data          0x0000000000029e40        0x0 c:/altera/15.1/nios2eds/bin/gnu/h-x86_64-mingw32/bin/../lib/gcc/nios2-elf/4.9.2/fstack-limit-register-et\libgcc.a(_umoddi3.o)
 .data          0x0000000000029e40        0x0 c:/altera/15.1/nios2eds/bin/gnu/h-x86_64-mingw32/bin/../lib/gcc/nios2-elf/4.9.2/fstack-limit-register-et\libgcc.a(lib2-divmod.o)
 .data          0x0000000000029e40        0x0 c:/altera/15.1/nios2eds/bin/gnu/h-x86_64-mingw32/bin/../lib/gcc/nios2-elf/4.9.2/fstack-limit-register-et\libgcc.a(adddf3.o)
 .data          0x0000000000029e40        0x0 c:/altera/15.1/nios2eds/bin/gnu/h-x86_64-mingw32/bin/../lib/gcc/nios2-elf/4.9.2/fstack-limit-register-et\libgcc.a(gedf2.o)
 .data          0x0000000000029e40        0x0 c:/altera/15.1/nios2eds/bin/gnu/h-x86_64-mingw32/bin/../lib/gcc/nios2-elf/4.9.2/fstack-limit-register-et\libgcc.a(ledf2.o)
 .data          0x0000000000029e40        0x0 c:/altera/15.1/nios2eds/bin/gnu/h-x86_64-mingw32/bin/../lib/gcc/nios2-elf/4.9.2/fstack-limit-register-et\libgcc.a(muldf3.o)
 .data          0x0000000000029e40        0x0 c:/altera/15.1/nios2eds/bin/gnu/h-x86_64-mingw32/bin/../lib/gcc/nios2-elf/4.9.2/fstack-limit-register-et\libgcc.a(subdf3.o)
 .data          0x0000000000029e40        0x0 c:/altera/15.1/nios2eds/bin/gnu/h-x86_64-mingw32/bin/../lib/gcc/nios2-elf/4.9.2/fstack-limit-register-et\libgcc.a(fixdfsi.o)
 .data          0x0000000000029e40        0x0 c:/altera/15.1/nios2eds/bin/gnu/h-x86_64-mingw32/bin/../lib/gcc/nios2-elf/4.9.2/fstack-limit-register-et\libgcc.a(floatsidf.o)
 .data          0x0000000000029e40        0x0 c:/altera/15.1/nios2eds/bin/gnu/h-x86_64-mingw32/bin/../lib/gcc/nios2-elf/4.9.2/fstack-limit-register-et\libgcc.a(floatunsidf.o)
 .data          0x0000000000029e40        0x0 c:/altera/15.1/nios2eds/bin/gnu/h-x86_64-mingw32/bin/../lib/gcc/nios2-elf/4.9.2/fstack-limit-register-et\libgcc.a(_clz.o)
 .data          0x0000000000029e40        0x0 c:/altera/15.1/nios2eds/bin/gnu/h-x86_64-mingw32/bin/../lib/gcc/nios2-elf/4.9.2/fstack-limit-register-et\libgcc.a(_clzsi2.o)
 .data          0x0000000000029e40        0x0 c:/altera/15.1/nios2eds/bin/gnu/h-x86_64-mingw32/bin/../lib/gcc/nios2-elf/4.9.2/../../../../../H-x86_64-mingw32/nios2-elf/lib/fstack-limit-register-et\libsmallc.a(lib_a-atof.o)
 .data          0x0000000000029e40        0x0 c:/altera/15.1/nios2eds/bin/gnu/h-x86_64-mingw32/bin/../lib/gcc/nios2-elf/4.9.2/../../../../../H-x86_64-mingw32/nios2-elf/lib/fstack-limit-register-et\libsmallc.a(lib_a-atoi.o)
 .data          0x0000000000029e40        0x0 c:/altera/15.1/nios2eds/bin/gnu/h-x86_64-mingw32/bin/../lib/gcc/nios2-elf/4.9.2/../../../../../H-x86_64-mingw32/nios2-elf/lib/fstack-limit-register-et\libsmallc.a(lib_a-impure.o)
 .data.impure_data
                0x0000000000029e40       0xe0 c:/altera/15.1/nios2eds/bin/gnu/h-x86_64-mingw32/bin/../lib/gcc/nios2-elf/4.9.2/../../../../../H-x86_64-mingw32/nios2-elf/lib/fstack-limit-register-et\libsmallc.a(lib_a-impure.o)
 .data          0x0000000000029f20        0x0 c:/altera/15.1/nios2eds/bin/gnu/h-x86_64-mingw32/bin/../lib/gcc/nios2-elf/4.9.2/../../../../../H-x86_64-mingw32/nios2-elf/lib/fstack-limit-register-et\libsmallc.a(lib_a-malloc.o)
 .data          0x0000000000029f20        0x0 c:/altera/15.1/nios2eds/bin/gnu/h-x86_64-mingw32/bin/../lib/gcc/nios2-elf/4.9.2/../../../../../H-x86_64-mingw32/nios2-elf/lib/fstack-limit-register-et\libsmallc.a(lib_a-memcpy.o)
 .data          0x0000000000029f20        0x0 c:/altera/15.1/nios2eds/bin/gnu/h-x86_64-mingw32/bin/../lib/gcc/nios2-elf/4.9.2/../../../../../H-x86_64-mingw32/nios2-elf/lib/fstack-limit-register-et\libsmallc.a(lib_a-memset.o)
 .data          0x0000000000029f20        0x0 c:/altera/15.1/nios2eds/bin/gnu/h-x86_64-mingw32/bin/../lib/gcc/nios2-elf/4.9.2/../../../../../H-x86_64-mingw32/nios2-elf/lib/fstack-limit-register-et\libsmallc.a(lib_a-nano-freer.o)
 .data          0x0000000000029f20        0x0 c:/altera/15.1/nios2eds/bin/gnu/h-x86_64-mingw32/bin/../lib/gcc/nios2-elf/4.9.2/../../../../../H-x86_64-mingw32/nios2-elf/lib/fstack-limit-register-et\libsmallc.a(lib_a-nano-mallocr.o)
 .data          0x0000000000029f20        0x0 c:/altera/15.1/nios2eds/bin/gnu/h-x86_64-mingw32/bin/../lib/gcc/nios2-elf/4.9.2/../../../../../H-x86_64-mingw32/nios2-elf/lib/fstack-limit-register-et\libsmallc.a(lib_a-printf.o)
 .data          0x0000000000029f20        0x0 c:/altera/15.1/nios2eds/bin/gnu/h-x86_64-mingw32/bin/../lib/gcc/nios2-elf/4.9.2/../../../../../H-x86_64-mingw32/nios2-elf/lib/fstack-limit-register-et\libsmallc.a(lib_a-putc.o)
 .data          0x0000000000029f20        0x0 c:/altera/15.1/nios2eds/bin/gnu/h-x86_64-mingw32/bin/../lib/gcc/nios2-elf/4.9.2/../../../../../H-x86_64-mingw32/nios2-elf/lib/fstack-limit-register-et\libsmallc.a(lib_a-putchar.o)
 .data          0x0000000000029f20        0x0 c:/altera/15.1/nios2eds/bin/gnu/h-x86_64-mingw32/bin/../lib/gcc/nios2-elf/4.9.2/../../../../../H-x86_64-mingw32/nios2-elf/lib/fstack-limit-register-et\libsmallc.a(lib_a-puts.o)
 .data          0x0000000000029f20        0x0 c:/altera/15.1/nios2eds/bin/gnu/h-x86_64-mingw32/bin/../lib/gcc/nios2-elf/4.9.2/../../../../../H-x86_64-mingw32/nios2-elf/lib/fstack-limit-register-et\libsmallc.a(lib_a-sbrkr.o)
 .data          0x0000000000029f20        0x0 c:/altera/15.1/nios2eds/bin/gnu/h-x86_64-mingw32/bin/../lib/gcc/nios2-elf/4.9.2/../../../../../H-x86_64-mingw32/nios2-elf/lib/fstack-limit-register-et\libsmallc.a(lib_a-snprintf.o)
 .data          0x0000000000029f20        0x0 c:/altera/15.1/nios2eds/bin/gnu/h-x86_64-mingw32/bin/../lib/gcc/nios2-elf/4.9.2/../../../../../H-x86_64-mingw32/nios2-elf/lib/fstack-limit-register-et\libsmallc.a(lib_a-strlen.o)
 .data          0x0000000000029f20        0x0 c:/altera/15.1/nios2eds/bin/gnu/h-x86_64-mingw32/bin/../lib/gcc/nios2-elf/4.9.2/../../../../../H-x86_64-mingw32/nios2-elf/lib/fstack-limit-register-et\libsmallc.a(lib_a-strtod.o)
 .data          0x0000000000029f20        0x0 c:/altera/15.1/nios2eds/bin/gnu/h-x86_64-mingw32/bin/../lib/gcc/nios2-elf/4.9.2/../../../../../H-x86_64-mingw32/nios2-elf/lib/fstack-limit-register-et\libsmallc.a(lib_a-strtol.o)
 .data          0x0000000000029f20        0x0 c:/altera/15.1/nios2eds/bin/gnu/h-x86_64-mingw32/bin/../lib/gcc/nios2-elf/4.9.2/../../../../../H-x86_64-mingw32/nios2-elf/lib/fstack-limit-register-et\libsmallc.a(lib_a-svfprintf.o)
 .data          0x0000000000029f20        0x0 c:/altera/15.1/nios2eds/bin/gnu/h-x86_64-mingw32/bin/../lib/gcc/nios2-elf/4.9.2/../../../../../H-x86_64-mingw32/nios2-elf/lib/fstack-limit-register-et\libsmallc.a(lib_a-vfprintf.o)
 .data          0x0000000000029f20        0x0 c:/altera/15.1/nios2eds/bin/gnu/h-x86_64-mingw32/bin/../lib/gcc/nios2-elf/4.9.2/../../../../../H-x86_64-mingw32/nios2-elf/lib/fstack-limit-register-et\libsmallc.a(lib_a-ctype_.o)
 .data          0x0000000000029f20        0x0 c:/altera/15.1/nios2eds/bin/gnu/h-x86_64-mingw32/bin/../lib/gcc/nios2-elf/4.9.2/../../../../../H-x86_64-mingw32/nios2-elf/lib/fstack-limit-register-et\libsmallc.a(lib_a-fvwrite_small_dev.o)
 .data          0x0000000000029f20        0x0 c:/altera/15.1/nios2eds/bin/gnu/h-x86_64-mingw32/bin/../lib/gcc/nios2-elf/4.9.2/../../../../../H-x86_64-mingw32/nios2-elf/lib/fstack-limit-register-et\libsmallc.a(lib_a-fvwrite_small_str.o)
 .data          0x0000000000029f20        0x0 c:/altera/15.1/nios2eds/bin/gnu/h-x86_64-mingw32/bin/../lib/gcc/nios2-elf/4.9.2/../../../../../H-x86_64-mingw32/nios2-elf/lib/fstack-limit-register-et\libsmallc.a(lib_a-gdtoa-gethex.o)
 .data          0x0000000000029f20        0x0 c:/altera/15.1/nios2eds/bin/gnu/h-x86_64-mingw32/bin/../lib/gcc/nios2-elf/4.9.2/../../../../../H-x86_64-mingw32/nios2-elf/lib/fstack-limit-register-et\libsmallc.a(lib_a-gdtoa-hexnan.o)
 .data          0x0000000000029f20        0x0 c:/altera/15.1/nios2eds/bin/gnu/h-x86_64-mingw32/bin/../lib/gcc/nios2-elf/4.9.2/../../../../../H-x86_64-mingw32/nios2-elf/lib/fstack-limit-register-et\libsmallc.a(lib_a-int_errno.o)
 .data          0x0000000000029f20        0x0 c:/altera/15.1/nios2eds/bin/gnu/h-x86_64-mingw32/bin/../lib/gcc/nios2-elf/4.9.2/../../../../../H-x86_64-mingw32/nios2-elf/lib/fstack-limit-register-et\libsmallc.a(lib_a-memmove.o)
 .data          0x0000000000029f20        0x0 c:/altera/15.1/nios2eds/bin/gnu/h-x86_64-mingw32/bin/../lib/gcc/nios2-elf/4.9.2/../../../../../H-x86_64-mingw32/nios2-elf/lib/fstack-limit-register-et\libsmallc.a(lib_a-mprec.o)
 .data          0x0000000000029f20        0x0 c:/altera/15.1/nios2eds/bin/gnu/h-x86_64-mingw32/bin/../lib/gcc/nios2-elf/4.9.2/../../../../../H-x86_64-mingw32/nios2-elf/lib/fstack-limit-register-et\libsmallc.a(lib_a-nano-callocr.o)
 .data          0x0000000000029f20        0x0 c:/altera/15.1/nios2eds/bin/gnu/h-x86_64-mingw32/bin/../lib/gcc/nios2-elf/4.9.2/../../../../../H-x86_64-mingw32/nios2-elf/lib/fstack-limit-register-et\libsmallc.a(lib_a-strncmp.o)
 .data          0x0000000000029f20        0x0 c:/altera/15.1/nios2eds/bin/gnu/h-x86_64-mingw32/bin/../lib/gcc/nios2-elf/4.9.2/../../../../../H-x86_64-mingw32/nios2-elf/lib/fstack-limit-register-et\libsmallc.a(lib_a-writer.o)
 .data          0x0000000000029f20        0x0 c:/altera/15.1/nios2eds/bin/gnu/h-x86_64-mingw32/bin/../lib/gcc/nios2-elf/4.9.2/fstack-limit-register-et\libgcc.a(eqsf2.o)
 .data          0x0000000000029f20        0x0 c:/altera/15.1/nios2eds/bin/gnu/h-x86_64-mingw32/bin/../lib/gcc/nios2-elf/4.9.2/fstack-limit-register-et\libgcc.a(gesf2.o)
 .data          0x0000000000029f20        0x0 c:/altera/15.1/nios2eds/bin/gnu/h-x86_64-mingw32/bin/../lib/gcc/nios2-elf/4.9.2/fstack-limit-register-et\libgcc.a(lesf2.o)
 .data          0x0000000000029f20        0x0 c:/altera/15.1/nios2eds/bin/gnu/h-x86_64-mingw32/bin/../lib/gcc/nios2-elf/4.9.2/fstack-limit-register-et\libgcc.a(divdf3.o)
 .data          0x0000000000029f20        0x0 c:/altera/15.1/nios2eds/bin/gnu/h-x86_64-mingw32/bin/../lib/gcc/nios2-elf/4.9.2/fstack-limit-register-et\libgcc.a(eqdf2.o)
 .data          0x0000000000029f20        0x0 c:/altera/15.1/nios2eds/bin/gnu/h-x86_64-mingw32/bin/../lib/gcc/nios2-elf/4.9.2/fstack-limit-register-et\libgcc.a(truncdfsf2.o)
 .data          0x0000000000029f20        0x0 ../lgdst2_bsp/\libhal_bsp.a(alt_load.o)
 .data          0x0000000000029f20        0x0 ../lgdst2_bsp/\libhal_bsp.a(alt_main.o)
 .data          0x0000000000029f20        0x0 ../lgdst2_bsp/\libhal_bsp.a(alt_sbrk.o)
 .data          0x0000000000029f20        0x0 ../lgdst2_bsp/\libhal_bsp.a(alt_write.o)
 .data          0x0000000000029f20       0x58 ../lgdst2_bsp/\libhal_bsp.a(alt_sys_init.o)
 .data          0x0000000000029f78        0x0 ../lgdst2_bsp/\libhal_bsp.a(altera_avalon_jtag_uart_fd.o)
 .data          0x0000000000029f78        0x0 ../lgdst2_bsp/\libhal_bsp.a(altera_avalon_jtag_uart_read.o)
 .data          0x0000000000029f78        0x0 ../lgdst2_bsp/\libhal_bsp.a(altera_avalon_jtag_uart_write.o)
 .data          0x0000000000029f78        0x0 ../lgdst2_bsp/\libhal_bsp.a(altera_avalon_spi.o)
 .data          0x0000000000029f78        0x0 ../lgdst2_bsp/\libhal_bsp.a(altera_avalon_uart_fd.o)
 .data          0x0000000000029f78        0x0 ../lgdst2_bsp/\libhal_bsp.a(altera_avalon_uart_read.o)
 .data          0x0000000000029f78        0x0 ../lgdst2_bsp/\libhal_bsp.a(altera_avalon_uart_write.o)
 .data          0x0000000000029f78        0x0 ../lgdst2_bsp/\libhal_bsp.a(alt_close.o)
 .data          0x0000000000029f78        0x0 ../lgdst2_bsp/\libhal_bsp.a(alt_dcache_flush_all.o)
 .data          0x0000000000029f78      0x1a8 ../lgdst2_bsp/\libhal_bsp.a(alt_dev.o)
                0x0000000000029f78                alt_fd_list
                0x000000000002a0f8                alt_dev_null
 .data          0x000000000002a120        0x0 ../lgdst2_bsp/\libhal_bsp.a(alt_dev_llist_insert.o)
 .data          0x000000000002a120        0x0 ../lgdst2_bsp/\libhal_bsp.a(alt_errno.o)
 .data          0x000000000002a120        0x0 ../lgdst2_bsp/\libhal_bsp.a(alt_icache_flush_all.o)
 .data          0x000000000002a120        0x0 ../lgdst2_bsp/\libhal_bsp.a(alt_release_fd.o)
 .data          0x000000000002a120        0x0 ../lgdst2_bsp/\libhal_bsp.a(altera_nios2_gen2_irq.o)
 .data          0x000000000002a120        0x0 ../lgdst2_bsp/\libhal_bsp.a(alt_icache_flush.o)
 .data          0x000000000002a120        0x0 c:/altera/15.1/nios2eds/bin/gnu/h-x86_64-mingw32/bin/../lib/gcc/nios2-elf/4.9.2/../../../../../H-x86_64-mingw32/nios2-elf/lib/fstack-limit-register-et\libsmallc.a(lib_a-exit.o)
 .data          0x000000000002a120        0x0 c:/altera/15.1/nios2eds/bin/gnu/h-x86_64-mingw32/bin/../lib/gcc/nios2-elf/4.9.2/../../../../../H-x86_64-mingw32/nios2-elf/lib/fstack-limit-register-et\libsmallc.a(lib_a-__call_atexit.o)
 .data          0x000000000002a120        0x0 ../lgdst2_bsp/\libhal_bsp.a(alt_exit.o)
                0x0000000000032120                _gp = ABSOLUTE ((. + 0x8000))
                0x0000000000032120                PROVIDE (gp, _gp)
 *(.rwdata .rwdata.*)
 *(.sdata .sdata.* .gnu.linkonce.s.*)
 .sdata         0x000000000002a120        0x4 ../lgdst2_bsp//obj/HAL/src/crt0.o
                0x000000000002a120                alt_stack_limit_value
 .sdata         0x000000000002a124        0x4 obj/default/ad9361.o
                0x000000000002a124                has_split_gt
                0x000000000002a125                have_tdd_tables
 .sdata         0x000000000002a128        0x1 obj/default/console_commands/command.o
                0x000000000002a128                cmd_no
 *fill*         0x000000000002a129        0x3 
 .sdata._global_impure_ptr
                0x000000000002a12c        0x4 c:/altera/15.1/nios2eds/bin/gnu/h-x86_64-mingw32/bin/../lib/gcc/nios2-elf/4.9.2/../../../../../H-x86_64-mingw32/nios2-elf/lib/fstack-limit-register-et\libsmallc.a(lib_a-impure.o)
                0x000000000002a12c                _global_impure_ptr
 .sdata._impure_ptr
                0x000000000002a130        0x4 c:/altera/15.1/nios2eds/bin/gnu/h-x86_64-mingw32/bin/../lib/gcc/nios2-elf/4.9.2/../../../../../H-x86_64-mingw32/nios2-elf/lib/fstack-limit-register-et\libsmallc.a(lib_a-impure.o)
                0x000000000002a130                _impure_ptr
 .sdata.__ctype_ptr__
                0x000000000002a134        0x4 c:/altera/15.1/nios2eds/bin/gnu/h-x86_64-mingw32/bin/../lib/gcc/nios2-elf/4.9.2/../../../../../H-x86_64-mingw32/nios2-elf/lib/fstack-limit-register-et\libsmallc.a(lib_a-ctype_.o)
                0x000000000002a134                __ctype_ptr__
 .sdata         0x000000000002a138        0x4 ../lgdst2_bsp/\libhal_bsp.a(alt_sbrk.o)
 .sdata         0x000000000002a13c       0x14 ../lgdst2_bsp/\libhal_bsp.a(alt_dev.o)
                0x000000000002a13c                alt_max_fd
                0x000000000002a140                alt_dev_list
                0x000000000002a148                alt_fs_list
 .sdata         0x000000000002a150        0x4 ../lgdst2_bsp/\libhal_bsp.a(alt_errno.o)
                0x000000000002a150                alt_errno
 *(.sdata2 .sdata2.* .gnu.linkonce.s2.*)
                0x000000000002a154                . = ALIGN (0x4)
                0x000000000002a154                _edata = ABSOLUTE (.)
                0x000000000002a154                PROVIDE (edata, ABSOLUTE (.))
                0x000000000002a154                PROVIDE (__ram_rwdata_end, ABSOLUTE (.))
                0x000000000002a154                PROVIDE (__flash_rwdata_start, LOADADDR (.rwdata))

.bss            0x000000000002ab50       0xc8
                0x000000000002ab50                __bss_start = ABSOLUTE (.)
                0x000000000002ab50                PROVIDE (__sbss_start, ABSOLUTE (.))
                0x000000000002ab50                PROVIDE (___sbss_start, ABSOLUTE (.))
 *(.dynsbss)
 *(.sbss .sbss.* .gnu.linkonce.sb.*)
 .sbss          0x000000000002ab50       0x20 obj/default/main.o
                0x000000000002ab50                tmp
                0x000000000002ab54                num_5
                0x000000000002ab58                num_6
                0x000000000002ab5c                num_1
                0x000000000002ab60                num_2
                0x000000000002ab64                num_4
                0x000000000002ab68                ad9361_phy
                0x000000000002ab6c                num_3
 .sbss.__malloc_sbrk_start
                0x000000000002ab70        0x4 c:/altera/15.1/nios2eds/bin/gnu/h-x86_64-mingw32/bin/../lib/gcc/nios2-elf/4.9.2/../../../../../H-x86_64-mingw32/nios2-elf/lib/fstack-limit-register-et\libsmallc.a(lib_a-nano-mallocr.o)
                0x000000000002ab70                __malloc_sbrk_start
 .sbss.__malloc_free_list
                0x000000000002ab74        0x4 c:/altera/15.1/nios2eds/bin/gnu/h-x86_64-mingw32/bin/../lib/gcc/nios2-elf/4.9.2/../../../../../H-x86_64-mingw32/nios2-elf/lib/fstack-limit-register-et\libsmallc.a(lib_a-nano-mallocr.o)
                0x000000000002ab74                __malloc_free_list
 .sbss          0x000000000002ab78        0x4 c:/altera/15.1/nios2eds/bin/gnu/h-x86_64-mingw32/bin/../lib/gcc/nios2-elf/4.9.2/../../../../../H-x86_64-mingw32/nios2-elf/lib/fstack-limit-register-et\libsmallc.a(lib_a-int_errno.o)
                0x000000000002ab78                errno
 .sbss          0x000000000002ab7c        0xc ../lgdst2_bsp/\libhal_bsp.a(alt_main.o)
                0x000000000002ab7c                alt_envp
                0x000000000002ab80                alt_argv
                0x000000000002ab84                alt_argc
 *(.sbss2 .sbss2.* .gnu.linkonce.sb2.*)
 *(.scommon)
                0x000000000002ab88                PROVIDE (__sbss_end, ABSOLUTE (.))
                0x000000000002ab88                PROVIDE (___sbss_end, ABSOLUTE (.))
 *(.dynbss)
 *(.bss .bss.* .gnu.linkonce.b.*)
 .bss           0x000000000002ab88        0x0 ../lgdst2_bsp//obj/HAL/src/crt0.o
 .bss           0x000000000002ab88        0x0 obj/default/ad9361.o
 .bss           0x000000000002ab88        0x0 obj/default/ad9361_api.o
 .bss           0x000000000002ab88        0x0 obj/default/ad9361_conv.o
 .bss           0x000000000002ab88        0x0 obj/default/console_commands/command.o
 .bss           0x000000000002ab88        0x0 obj/default/console_commands/console.o
 .bss           0x000000000002ab88        0x0 obj/default/main.o
 .bss           0x000000000002ab88        0x0 obj/default/platform_altera/adc_core.o
 .bss           0x000000000002ab88        0x0 obj/default/platform_altera/dac_core.o
 .bss           0x000000000002ab88        0x0 obj/default/platform_altera/platform.o
 .bss           0x000000000002ab88        0x0 obj/default/util.o
 .bss           0x000000000002ab88        0x0 c:/altera/15.1/nios2eds/bin/gnu/h-x86_64-mingw32/bin/../lib/gcc/nios2-elf/4.9.2/fstack-limit-register-et\libgcc.a(_muldi3.o)
 .bss           0x000000000002ab88        0x0 c:/altera/15.1/nios2eds/bin/gnu/h-x86_64-mingw32/bin/../lib/gcc/nios2-elf/4.9.2/fstack-limit-register-et\libgcc.a(_fixunsdfsi.o)
 .bss           0x000000000002ab88        0x0 c:/altera/15.1/nios2eds/bin/gnu/h-x86_64-mingw32/bin/../lib/gcc/nios2-elf/4.9.2/fstack-limit-register-et\libgcc.a(_fixunsdfdi.o)
 .bss           0x000000000002ab88        0x0 c:/altera/15.1/nios2eds/bin/gnu/h-x86_64-mingw32/bin/../lib/gcc/nios2-elf/4.9.2/fstack-limit-register-et\libgcc.a(_udivdi3.o)
 .bss           0x000000000002ab88        0x0 c:/altera/15.1/nios2eds/bin/gnu/h-x86_64-mingw32/bin/../lib/gcc/nios2-elf/4.9.2/fstack-limit-register-et\libgcc.a(_umoddi3.o)
 .bss           0x000000000002ab88        0x0 c:/altera/15.1/nios2eds/bin/gnu/h-x86_64-mingw32/bin/../lib/gcc/nios2-elf/4.9.2/fstack-limit-register-et\libgcc.a(lib2-divmod.o)
 .bss           0x000000000002ab88        0x0 c:/altera/15.1/nios2eds/bin/gnu/h-x86_64-mingw32/bin/../lib/gcc/nios2-elf/4.9.2/fstack-limit-register-et\libgcc.a(adddf3.o)
 .bss           0x000000000002ab88        0x0 c:/altera/15.1/nios2eds/bin/gnu/h-x86_64-mingw32/bin/../lib/gcc/nios2-elf/4.9.2/fstack-limit-register-et\libgcc.a(gedf2.o)
 .bss           0x000000000002ab88        0x0 c:/altera/15.1/nios2eds/bin/gnu/h-x86_64-mingw32/bin/../lib/gcc/nios2-elf/4.9.2/fstack-limit-register-et\libgcc.a(ledf2.o)
 .bss           0x000000000002ab88        0x0 c:/altera/15.1/nios2eds/bin/gnu/h-x86_64-mingw32/bin/../lib/gcc/nios2-elf/4.9.2/fstack-limit-register-et\libgcc.a(muldf3.o)
 .bss           0x000000000002ab88        0x0 c:/altera/15.1/nios2eds/bin/gnu/h-x86_64-mingw32/bin/../lib/gcc/nios2-elf/4.9.2/fstack-limit-register-et\libgcc.a(subdf3.o)
 .bss           0x000000000002ab88        0x0 c:/altera/15.1/nios2eds/bin/gnu/h-x86_64-mingw32/bin/../lib/gcc/nios2-elf/4.9.2/fstack-limit-register-et\libgcc.a(fixdfsi.o)
 .bss           0x000000000002ab88        0x0 c:/altera/15.1/nios2eds/bin/gnu/h-x86_64-mingw32/bin/../lib/gcc/nios2-elf/4.9.2/fstack-limit-register-et\libgcc.a(floatsidf.o)
 .bss           0x000000000002ab88        0x0 c:/altera/15.1/nios2eds/bin/gnu/h-x86_64-mingw32/bin/../lib/gcc/nios2-elf/4.9.2/fstack-limit-register-et\libgcc.a(floatunsidf.o)
 .bss           0x000000000002ab88        0x0 c:/altera/15.1/nios2eds/bin/gnu/h-x86_64-mingw32/bin/../lib/gcc/nios2-elf/4.9.2/fstack-limit-register-et\libgcc.a(_clz.o)
 .bss           0x000000000002ab88        0x0 c:/altera/15.1/nios2eds/bin/gnu/h-x86_64-mingw32/bin/../lib/gcc/nios2-elf/4.9.2/fstack-limit-register-et\libgcc.a(_clzsi2.o)
 .bss           0x000000000002ab88        0x0 c:/altera/15.1/nios2eds/bin/gnu/h-x86_64-mingw32/bin/../lib/gcc/nios2-elf/4.9.2/../../../../../H-x86_64-mingw32/nios2-elf/lib/fstack-limit-register-et\libsmallc.a(lib_a-atof.o)
 .bss           0x000000000002ab88        0x0 c:/altera/15.1/nios2eds/bin/gnu/h-x86_64-mingw32/bin/../lib/gcc/nios2-elf/4.9.2/../../../../../H-x86_64-mingw32/nios2-elf/lib/fstack-limit-register-et\libsmallc.a(lib_a-atoi.o)
 .bss           0x000000000002ab88        0x0 c:/altera/15.1/nios2eds/bin/gnu/h-x86_64-mingw32/bin/../lib/gcc/nios2-elf/4.9.2/../../../../../H-x86_64-mingw32/nios2-elf/lib/fstack-limit-register-et\libsmallc.a(lib_a-impure.o)
 .bss           0x000000000002ab88        0x0 c:/altera/15.1/nios2eds/bin/gnu/h-x86_64-mingw32/bin/../lib/gcc/nios2-elf/4.9.2/../../../../../H-x86_64-mingw32/nios2-elf/lib/fstack-limit-register-et\libsmallc.a(lib_a-malloc.o)
 .bss           0x000000000002ab88        0x0 c:/altera/15.1/nios2eds/bin/gnu/h-x86_64-mingw32/bin/../lib/gcc/nios2-elf/4.9.2/../../../../../H-x86_64-mingw32/nios2-elf/lib/fstack-limit-register-et\libsmallc.a(lib_a-memcpy.o)
 .bss           0x000000000002ab88        0x0 c:/altera/15.1/nios2eds/bin/gnu/h-x86_64-mingw32/bin/../lib/gcc/nios2-elf/4.9.2/../../../../../H-x86_64-mingw32/nios2-elf/lib/fstack-limit-register-et\libsmallc.a(lib_a-memset.o)
 .bss           0x000000000002ab88        0x0 c:/altera/15.1/nios2eds/bin/gnu/h-x86_64-mingw32/bin/../lib/gcc/nios2-elf/4.9.2/../../../../../H-x86_64-mingw32/nios2-elf/lib/fstack-limit-register-et\libsmallc.a(lib_a-nano-freer.o)
 .bss           0x000000000002ab88        0x0 c:/altera/15.1/nios2eds/bin/gnu/h-x86_64-mingw32/bin/../lib/gcc/nios2-elf/4.9.2/../../../../../H-x86_64-mingw32/nios2-elf/lib/fstack-limit-register-et\libsmallc.a(lib_a-nano-mallocr.o)
 .bss           0x000000000002ab88        0x0 c:/altera/15.1/nios2eds/bin/gnu/h-x86_64-mingw32/bin/../lib/gcc/nios2-elf/4.9.2/../../../../../H-x86_64-mingw32/nios2-elf/lib/fstack-limit-register-et\libsmallc.a(lib_a-printf.o)
 .bss           0x000000000002ab88        0x0 c:/altera/15.1/nios2eds/bin/gnu/h-x86_64-mingw32/bin/../lib/gcc/nios2-elf/4.9.2/../../../../../H-x86_64-mingw32/nios2-elf/lib/fstack-limit-register-et\libsmallc.a(lib_a-putc.o)
 .bss           0x000000000002ab88        0x0 c:/altera/15.1/nios2eds/bin/gnu/h-x86_64-mingw32/bin/../lib/gcc/nios2-elf/4.9.2/../../../../../H-x86_64-mingw32/nios2-elf/lib/fstack-limit-register-et\libsmallc.a(lib_a-putchar.o)
 .bss           0x000000000002ab88        0x0 c:/altera/15.1/nios2eds/bin/gnu/h-x86_64-mingw32/bin/../lib/gcc/nios2-elf/4.9.2/../../../../../H-x86_64-mingw32/nios2-elf/lib/fstack-limit-register-et\libsmallc.a(lib_a-puts.o)
 .bss           0x000000000002ab88        0x0 c:/altera/15.1/nios2eds/bin/gnu/h-x86_64-mingw32/bin/../lib/gcc/nios2-elf/4.9.2/../../../../../H-x86_64-mingw32/nios2-elf/lib/fstack-limit-register-et\libsmallc.a(lib_a-sbrkr.o)
 .bss           0x000000000002ab88        0x0 c:/altera/15.1/nios2eds/bin/gnu/h-x86_64-mingw32/bin/../lib/gcc/nios2-elf/4.9.2/../../../../../H-x86_64-mingw32/nios2-elf/lib/fstack-limit-register-et\libsmallc.a(lib_a-snprintf.o)
 .bss           0x000000000002ab88        0x0 c:/altera/15.1/nios2eds/bin/gnu/h-x86_64-mingw32/bin/../lib/gcc/nios2-elf/4.9.2/../../../../../H-x86_64-mingw32/nios2-elf/lib/fstack-limit-register-et\libsmallc.a(lib_a-strlen.o)
 .bss           0x000000000002ab88        0x0 c:/altera/15.1/nios2eds/bin/gnu/h-x86_64-mingw32/bin/../lib/gcc/nios2-elf/4.9.2/../../../../../H-x86_64-mingw32/nios2-elf/lib/fstack-limit-register-et\libsmallc.a(lib_a-strtod.o)
 .bss           0x000000000002ab88        0x0 c:/altera/15.1/nios2eds/bin/gnu/h-x86_64-mingw32/bin/../lib/gcc/nios2-elf/4.9.2/../../../../../H-x86_64-mingw32/nios2-elf/lib/fstack-limit-register-et\libsmallc.a(lib_a-strtol.o)
 .bss           0x000000000002ab88        0x0 c:/altera/15.1/nios2eds/bin/gnu/h-x86_64-mingw32/bin/../lib/gcc/nios2-elf/4.9.2/../../../../../H-x86_64-mingw32/nios2-elf/lib/fstack-limit-register-et\libsmallc.a(lib_a-svfprintf.o)
 .bss           0x000000000002ab88        0x0 c:/altera/15.1/nios2eds/bin/gnu/h-x86_64-mingw32/bin/../lib/gcc/nios2-elf/4.9.2/../../../../../H-x86_64-mingw32/nios2-elf/lib/fstack-limit-register-et\libsmallc.a(lib_a-vfprintf.o)
 .bss           0x000000000002ab88        0x0 c:/altera/15.1/nios2eds/bin/gnu/h-x86_64-mingw32/bin/../lib/gcc/nios2-elf/4.9.2/../../../../../H-x86_64-mingw32/nios2-elf/lib/fstack-limit-register-et\libsmallc.a(lib_a-ctype_.o)
 .bss           0x000000000002ab88        0x0 c:/altera/15.1/nios2eds/bin/gnu/h-x86_64-mingw32/bin/../lib/gcc/nios2-elf/4.9.2/../../../../../H-x86_64-mingw32/nios2-elf/lib/fstack-limit-register-et\libsmallc.a(lib_a-fvwrite_small_dev.o)
 .bss           0x000000000002ab88        0x0 c:/altera/15.1/nios2eds/bin/gnu/h-x86_64-mingw32/bin/../lib/gcc/nios2-elf/4.9.2/../../../../../H-x86_64-mingw32/nios2-elf/lib/fstack-limit-register-et\libsmallc.a(lib_a-fvwrite_small_str.o)
 .bss           0x000000000002ab88        0x0 c:/altera/15.1/nios2eds/bin/gnu/h-x86_64-mingw32/bin/../lib/gcc/nios2-elf/4.9.2/../../../../../H-x86_64-mingw32/nios2-elf/lib/fstack-limit-register-et\libsmallc.a(lib_a-gdtoa-gethex.o)
 .bss           0x000000000002ab88        0x0 c:/altera/15.1/nios2eds/bin/gnu/h-x86_64-mingw32/bin/../lib/gcc/nios2-elf/4.9.2/../../../../../H-x86_64-mingw32/nios2-elf/lib/fstack-limit-register-et\libsmallc.a(lib_a-gdtoa-hexnan.o)
 .bss           0x000000000002ab88        0x0 c:/altera/15.1/nios2eds/bin/gnu/h-x86_64-mingw32/bin/../lib/gcc/nios2-elf/4.9.2/../../../../../H-x86_64-mingw32/nios2-elf/lib/fstack-limit-register-et\libsmallc.a(lib_a-int_errno.o)
 .bss           0x000000000002ab88        0x0 c:/altera/15.1/nios2eds/bin/gnu/h-x86_64-mingw32/bin/../lib/gcc/nios2-elf/4.9.2/../../../../../H-x86_64-mingw32/nios2-elf/lib/fstack-limit-register-et\libsmallc.a(lib_a-memmove.o)
 .bss           0x000000000002ab88        0x0 c:/altera/15.1/nios2eds/bin/gnu/h-x86_64-mingw32/bin/../lib/gcc/nios2-elf/4.9.2/../../../../../H-x86_64-mingw32/nios2-elf/lib/fstack-limit-register-et\libsmallc.a(lib_a-mprec.o)
 .bss           0x000000000002ab88        0x0 c:/altera/15.1/nios2eds/bin/gnu/h-x86_64-mingw32/bin/../lib/gcc/nios2-elf/4.9.2/../../../../../H-x86_64-mingw32/nios2-elf/lib/fstack-limit-register-et\libsmallc.a(lib_a-nano-callocr.o)
 .bss           0x000000000002ab88        0x0 c:/altera/15.1/nios2eds/bin/gnu/h-x86_64-mingw32/bin/../lib/gcc/nios2-elf/4.9.2/../../../../../H-x86_64-mingw32/nios2-elf/lib/fstack-limit-register-et\libsmallc.a(lib_a-strncmp.o)